Archive member included to satisfy reference by file (symbol)

../../../../../..//binary/armv7a/gcc/am335x/drivers/Debug/libdrivers.a(dmtimer.o)
                              Debug/dmtimerCounter.o (DMTimerEnable)
../../../../../..//binary/armv7a/gcc/utils/Debug/libutils.a(consoleUtils.o)
                              Debug/dmtimerCounter.o (ConsoleUtilsInit)
../../../../../..//binary/armv7a/gcc/utils/Debug/libutils.a(uartStdio.o)
                              ../../../../../..//binary/armv7a/gcc/utils/Debug/libutils.a(consoleUtils.o) (UARTStdioInit)
../../../../../..//binary/armv7a/gcc/utils/Debug/libutils.a(ascii.o)
                              ../../../../../..//binary/armv7a/gcc/utils/Debug/libutils.a(uartStdio.o) (ASCIIToDigit)
../../../../../..//binary/armv7a/gcc/am335x/beaglebone/platform/Debug/libplatform.a(dmtimer.o)
                              Debug/dmtimerCounter.o (DMTimer2ModuleClkConfig)
../../../../../..//binary/armv7a/gcc/am335x/beaglebone/platform/Debug/libplatform.a(uartConsole.o)
                              ../../../../../..//binary/armv7a/gcc/utils/Debug/libutils.a(uartStdio.o) (UARTConsoleInit)
../../../../../..//binary/armv7a/gcc/am335x/beaglebone/platform/Debug/libplatform.a(uart.o)
                              ../../../../../..//binary/armv7a/gcc/am335x/beaglebone/platform/Debug/libplatform.a(uartConsole.o) (UARTPinMuxSetup)
../../../../../..//binary/armv7a/gcc/am335x/system_config/Debug/libsystem_config.a(init.o)
                              (Entry)
../../../../../..//binary/armv7a/gcc/am335x/system_config/Debug/libsystem_config.a(interrupt.o)
                              Debug/dmtimerCounter.o (IntRegister)
../../../../../..//binary/armv7a/gcc/am335x/system_config/Debug/libsystem_config.a(startup.o)
                              ../../../../../..//binary/armv7a/gcc/am335x/system_config/Debug/libsystem_config.a(init.o) (start_boot)
../../../../../..//binary/armv7a/gcc/am335x/system_config/Debug/libsystem_config.a(cp15.o)
                              ../../../../../..//binary/armv7a/gcc/am335x/system_config/Debug/libsystem_config.a(startup.o) (CP15VectorBaseAddrSet)
../../../../../..//binary/armv7a/gcc/am335x/system_config/Debug/libsystem_config.a(cpu.o)
                              ../../../../../..//binary/armv7a/gcc/am335x/system_config/Debug/libsystem_config.a(interrupt.o) (CPUIntStatus)
../../../../../..//binary/armv7a/gcc/am335x/system_config/Debug/libsystem_config.a(exceptionhandler.o)
                              ../../../../../..//binary/armv7a/gcc/am335x/system_config/Debug/libsystem_config.a(startup.o) (IRQHandler)
/home/heldercs/UFC/disciplina_QXD0149/lab/toolchain/gcc-arm-none-eabi/lib/gcc/arm-none-eabi/5.4.1/libgcc.a(_udivsi3.o)
                              (__aeabi_uidiv)
/home/heldercs/UFC/disciplina_QXD0149/lab/toolchain/gcc-arm-none-eabi/lib/gcc/arm-none-eabi/5.4.1/libgcc.a(_divsi3.o)
                              (__aeabi_idiv)
/home/heldercs/UFC/disciplina_QXD0149/lab/toolchain/gcc-arm-none-eabi/lib/gcc/arm-none-eabi/5.4.1/libgcc.a(_dvmd_tls.o)
                              /home/heldercs/UFC/disciplina_QXD0149/lab/toolchain/gcc-arm-none-eabi/lib/gcc/arm-none-eabi/5.4.1/libgcc.a(_udivsi3.o) (__aeabi_idiv0)
../../../../../..//binary/armv7a/gcc/am335x/drivers/Debug/libdrivers.a(uart_irda_cir.o)
                              ../../../../../..//binary/armv7a/gcc/am335x/beaglebone/platform/Debug/libplatform.a(uartConsole.o) (UARTOperatingModeSelect)

Allocating common symbols
Common symbol       size              file

fnRAMVectors        0x200             ../../../../../..//binary/armv7a/gcc/am335x/system_config/Debug/libsystem_config.a(interrupt.o)

Discarded input sections

 .text          0x00000000        0x0 Debug/dmtimerCounter.o
 .data          0x00000000        0x0 Debug/dmtimerCounter.o
 .bss           0x00000000        0x0 Debug/dmtimerCounter.o
 .text          0x00000000        0x0 ../../../../../..//binary/armv7a/gcc/am335x/drivers/Debug/libdrivers.a(dmtimer.o)
 .data          0x00000000        0x0 ../../../../../..//binary/armv7a/gcc/am335x/drivers/Debug/libdrivers.a(dmtimer.o)
 .bss           0x00000000        0x0 ../../../../../..//binary/armv7a/gcc/am335x/drivers/Debug/libdrivers.a(dmtimer.o)
 .text.DMTimerPreScalerClkEnable
                0x00000000       0xe0 ../../../../../..//binary/armv7a/gcc/am335x/drivers/Debug/libdrivers.a(dmtimer.o)
 .text.DMTimerPreScalerClkDisable
                0x00000000       0x78 ../../../../../..//binary/armv7a/gcc/am335x/drivers/Debug/libdrivers.a(dmtimer.o)
 .text.DMTimerCounterGet
                0x00000000       0x64 ../../../../../..//binary/armv7a/gcc/am335x/drivers/Debug/libdrivers.a(dmtimer.o)
 .text.DMTimerReloadGet
                0x00000000       0x2c ../../../../../..//binary/armv7a/gcc/am335x/drivers/Debug/libdrivers.a(dmtimer.o)
 .text.DMTimerGPOConfigure
                0x00000000       0xe0 ../../../../../..//binary/armv7a/gcc/am335x/drivers/Debug/libdrivers.a(dmtimer.o)
 .text.DMTimerCompareSet
                0x00000000       0x70 ../../../../../..//binary/armv7a/gcc/am335x/drivers/Debug/libdrivers.a(dmtimer.o)
 .text.DMTimerCompareGet
                0x00000000       0x2c ../../../../../..//binary/armv7a/gcc/am335x/drivers/Debug/libdrivers.a(dmtimer.o)
 .text.DMTimerIntRawStatusSet
                0x00000000       0x3c ../../../../../..//binary/armv7a/gcc/am335x/drivers/Debug/libdrivers.a(dmtimer.o)
 .text.DMTimerIntRawStatusGet
                0x00000000       0x2c ../../../../../..//binary/armv7a/gcc/am335x/drivers/Debug/libdrivers.a(dmtimer.o)
 .text.DMTimerIntStatusGet
                0x00000000       0x2c ../../../../../..//binary/armv7a/gcc/am335x/drivers/Debug/libdrivers.a(dmtimer.o)
 .text.DMTimerTriggerSet
                0x00000000       0x6c ../../../../../..//binary/armv7a/gcc/am335x/drivers/Debug/libdrivers.a(dmtimer.o)
 .text.DMTimerIntEnableGet
                0x00000000       0x2c ../../../../../..//binary/armv7a/gcc/am335x/drivers/Debug/libdrivers.a(dmtimer.o)
 .text.DMTimerResetConfigure
                0x00000000       0x6c ../../../../../..//binary/armv7a/gcc/am335x/drivers/Debug/libdrivers.a(dmtimer.o)
 .text.DMTimerContextSave
                0x00000000       0xc0 ../../../../../..//binary/armv7a/gcc/am335x/drivers/Debug/libdrivers.a(dmtimer.o)
 .text.DMTimerContextRestore
                0x00000000      0x188 ../../../../../..//binary/armv7a/gcc/am335x/drivers/Debug/libdrivers.a(dmtimer.o)
 .text.DMTimerPostedModeConfig
                0x00000000       0x6c ../../../../../..//binary/armv7a/gcc/am335x/drivers/Debug/libdrivers.a(dmtimer.o)
 .text          0x00000000        0x0 ../../../../../..//binary/armv7a/gcc/utils/Debug/libutils.a(consoleUtils.o)
 .data          0x00000000        0x0 ../../../../../..//binary/armv7a/gcc/utils/Debug/libutils.a(consoleUtils.o)
 .bss           0x00000000        0x0 ../../../../../..//binary/armv7a/gcc/utils/Debug/libutils.a(consoleUtils.o)
 .text.ConsoleUtilsScanf
                0x00000000       0x80 ../../../../../..//binary/armv7a/gcc/utils/Debug/libutils.a(consoleUtils.o)
 .text.ConsoleUtilsGets
                0x00000000       0x74 ../../../../../..//binary/armv7a/gcc/utils/Debug/libutils.a(consoleUtils.o)
 .text.ConsoleUtilsPuts
                0x00000000       0x64 ../../../../../..//binary/armv7a/gcc/utils/Debug/libutils.a(consoleUtils.o)
 .text.ConsoleUtilsGetChar
                0x00000000       0xa8 ../../../../../..//binary/armv7a/gcc/utils/Debug/libutils.a(consoleUtils.o)
 .text.ConsoleUtilsPutChar
                0x00000000       0x64 ../../../../../..//binary/armv7a/gcc/utils/Debug/libutils.a(consoleUtils.o)
 .text          0x00000000        0x0 ../../../../../..//binary/armv7a/gcc/utils/Debug/libutils.a(uartStdio.o)
 .data          0x00000000        0x0 ../../../../../..//binary/armv7a/gcc/utils/Debug/libutils.a(uartStdio.o)
 .bss           0x00000000        0x0 ../../../../../..//binary/armv7a/gcc/utils/Debug/libutils.a(uartStdio.o)
 .rodata.g_pcHex
                0x00000000        0x4 ../../../../../..//binary/armv7a/gcc/utils/Debug/libutils.a(uartStdio.o)
 .text.UARTStdioRead
                0x00000000       0xd0 ../../../../../..//binary/armv7a/gcc/utils/Debug/libutils.a(uartStdio.o)
 .text.UARTGets
                0x00000000       0xd8 ../../../../../..//binary/armv7a/gcc/utils/Debug/libutils.a(uartStdio.o)
 .text.UARTPutNum
                0x00000000      0x154 ../../../../../..//binary/armv7a/gcc/utils/Debug/libutils.a(uartStdio.o)
 .text.UARTPutHexNum
                0x00000000      0x178 ../../../../../..//binary/armv7a/gcc/utils/Debug/libutils.a(uartStdio.o)
 .text.UARTGetNum
                0x00000000      0x108 ../../../../../..//binary/armv7a/gcc/utils/Debug/libutils.a(uartStdio.o)
 .text.UARTGetHexNum
                0x00000000      0x2ec ../../../../../..//binary/armv7a/gcc/utils/Debug/libutils.a(uartStdio.o)
 .text.UARTGetc
                0x00000000       0x20 ../../../../../..//binary/armv7a/gcc/utils/Debug/libutils.a(uartStdio.o)
 .text.UARTprintf
                0x00000000      0x668 ../../../../../..//binary/armv7a/gcc/utils/Debug/libutils.a(uartStdio.o)
 .text.UARTScanf
                0x00000000      0x9e4 ../../../../../..//binary/armv7a/gcc/utils/Debug/libutils.a(uartStdio.o)
 .text          0x00000000        0x0 ../../../../../..//binary/armv7a/gcc/utils/Debug/libutils.a(ascii.o)
 .data          0x00000000        0x0 ../../../../../..//binary/armv7a/gcc/utils/Debug/libutils.a(ascii.o)
 .bss           0x00000000        0x0 ../../../../../..//binary/armv7a/gcc/utils/Debug/libutils.a(ascii.o)
 .text.ASCIIToDigit
                0x00000000       0xe8 ../../../../../..//binary/armv7a/gcc/utils/Debug/libutils.a(ascii.o)
 .text.DigitToASCII
                0x00000000       0xb8 ../../../../../..//binary/armv7a/gcc/utils/Debug/libutils.a(ascii.o)
 .text.StrToEthrAddr
                0x00000000      0x184 ../../../../../..//binary/armv7a/gcc/utils/Debug/libutils.a(ascii.o)
 .text.EthrAddrToStr
                0x00000000      0x180 ../../../../../..//binary/armv7a/gcc/utils/Debug/libutils.a(ascii.o)
 .text.TimeToStr
                0x00000000      0x18c ../../../../../..//binary/armv7a/gcc/utils/Debug/libutils.a(ascii.o)
 .text.DateToStr
                0x00000000      0x18c ../../../../../..//binary/armv7a/gcc/utils/Debug/libutils.a(ascii.o)
 .debug_info    0x00000000      0x26b ../../../../../..//binary/armv7a/gcc/utils/Debug/libutils.a(ascii.o)
 .debug_abbrev  0x00000000       0xce ../../../../../..//binary/armv7a/gcc/utils/Debug/libutils.a(ascii.o)
 .debug_aranges
                0x00000000       0x48 ../../../../../..//binary/armv7a/gcc/utils/Debug/libutils.a(ascii.o)
 .debug_ranges  0x00000000       0x38 ../../../../../..//binary/armv7a/gcc/utils/Debug/libutils.a(ascii.o)
 .debug_line    0x00000000      0x1c1 ../../../../../..//binary/armv7a/gcc/utils/Debug/libutils.a(ascii.o)
 .debug_str     0x00000000      0x216 ../../../../../..//binary/armv7a/gcc/utils/Debug/libutils.a(ascii.o)
 .comment       0x00000000       0x6f ../../../../../..//binary/armv7a/gcc/utils/Debug/libutils.a(ascii.o)
 .debug_frame   0x00000000       0xd0 ../../../../../..//binary/armv7a/gcc/utils/Debug/libutils.a(ascii.o)
 .ARM.attributes
                0x00000000       0x37 ../../../../../..//binary/armv7a/gcc/utils/Debug/libutils.a(ascii.o)
 .text          0x00000000        0x0 ../../../../../..//binary/armv7a/gcc/am335x/beaglebone/platform/Debug/libplatform.a(dmtimer.o)
 .data          0x00000000        0x0 ../../../../../..//binary/armv7a/gcc/am335x/beaglebone/platform/Debug/libplatform.a(dmtimer.o)
 .bss           0x00000000        0x0 ../../../../../..//binary/armv7a/gcc/am335x/beaglebone/platform/Debug/libplatform.a(dmtimer.o)
 .text.DMTimer3ModuleClkConfig
                0x00000000      0x264 ../../../../../..//binary/armv7a/gcc/am335x/beaglebone/platform/Debug/libplatform.a(dmtimer.o)
 .text.DMTimer4ModuleClkConfig
                0x00000000      0x26c ../../../../../..//binary/armv7a/gcc/am335x/beaglebone/platform/Debug/libplatform.a(dmtimer.o)
 .text.DMTimer6ModuleClkConfig
                0x00000000       0xc8 ../../../../../..//binary/armv7a/gcc/am335x/beaglebone/platform/Debug/libplatform.a(dmtimer.o)
 .text.DMTimer7ModuleClkConfig
                0x00000000      0x264 ../../../../../..//binary/armv7a/gcc/am335x/beaglebone/platform/Debug/libplatform.a(dmtimer.o)
 .text.DMTimer1msModuleClkConfig
                0x00000000       0xdc ../../../../../..//binary/armv7a/gcc/am335x/beaglebone/platform/Debug/libplatform.a(dmtimer.o)
 .text          0x00000000        0x0 ../../../../../..//binary/armv7a/gcc/am335x/beaglebone/platform/Debug/libplatform.a(uartConsole.o)
 .data          0x00000000        0x0 ../../../../../..//binary/armv7a/gcc/am335x/beaglebone/platform/Debug/libplatform.a(uartConsole.o)
 .bss           0x00000000        0x0 ../../../../../..//binary/armv7a/gcc/am335x/beaglebone/platform/Debug/libplatform.a(uartConsole.o)
 .text.UARTConsoleGetc
                0x00000000       0x2c ../../../../../..//binary/armv7a/gcc/am335x/beaglebone/platform/Debug/libplatform.a(uartConsole.o)
 .text          0x00000000        0x0 ../../../../../..//binary/armv7a/gcc/am335x/beaglebone/platform/Debug/libplatform.a(uart.o)
 .data          0x00000000        0x0 ../../../../../..//binary/armv7a/gcc/am335x/beaglebone/platform/Debug/libplatform.a(uart.o)
 .bss           0x00000000        0x0 ../../../../../..//binary/armv7a/gcc/am335x/beaglebone/platform/Debug/libplatform.a(uart.o)
 .data          0x00000000        0x0 ../../../../../..//binary/armv7a/gcc/am335x/system_config/Debug/libsystem_config.a(init.o)
 .bss           0x00000000        0x0 ../../../../../..//binary/armv7a/gcc/am335x/system_config/Debug/libsystem_config.a(init.o)
 .text          0x00000000        0x0 ../../../../../..//binary/armv7a/gcc/am335x/system_config/Debug/libsystem_config.a(interrupt.o)
 .data          0x00000000        0x0 ../../../../../..//binary/armv7a/gcc/am335x/system_config/Debug/libsystem_config.a(interrupt.o)
 .bss           0x00000000        0x0 ../../../../../..//binary/armv7a/gcc/am335x/system_config/Debug/libsystem_config.a(interrupt.o)
 .text.IntUnRegister
                0x00000000       0x38 ../../../../../..//binary/armv7a/gcc/am335x/system_config/Debug/libsystem_config.a(interrupt.o)
 .text.IntSystemDisable
                0x00000000       0x54 ../../../../../..//binary/armv7a/gcc/am335x/system_config/Debug/libsystem_config.a(interrupt.o)
 .text.IntIfClkFreeRunSet
                0x00000000       0x34 ../../../../../..//binary/armv7a/gcc/am335x/system_config/Debug/libsystem_config.a(interrupt.o)
 .text.IntIfClkAutoGateSet
                0x00000000       0x34 ../../../../../..//binary/armv7a/gcc/am335x/system_config/Debug/libsystem_config.a(interrupt.o)
 .text.IntActiveIrqNumGet
                0x00000000       0x28 ../../../../../..//binary/armv7a/gcc/am335x/system_config/Debug/libsystem_config.a(interrupt.o)
 .text.IntSpurIrqFlagGet
                0x00000000       0x2c ../../../../../..//binary/armv7a/gcc/am335x/system_config/Debug/libsystem_config.a(interrupt.o)
 .text.IntProtectionEnable
                0x00000000       0x28 ../../../../../..//binary/armv7a/gcc/am335x/system_config/Debug/libsystem_config.a(interrupt.o)
 .text.IntProtectionDisable
                0x00000000       0x34 ../../../../../..//binary/armv7a/gcc/am335x/system_config/Debug/libsystem_config.a(interrupt.o)
 .text.IntSyncClkFreeRunSet
                0x00000000       0x34 ../../../../../..//binary/armv7a/gcc/am335x/system_config/Debug/libsystem_config.a(interrupt.o)
 .text.IntSyncClkAutoGateSet
                0x00000000       0x34 ../../../../../..//binary/armv7a/gcc/am335x/system_config/Debug/libsystem_config.a(interrupt.o)
 .text.IntFuncClkFreeRunSet
                0x00000000       0x34 ../../../../../..//binary/armv7a/gcc/am335x/system_config/Debug/libsystem_config.a(interrupt.o)
 .text.IntFuncClkAutoGateSet
                0x00000000       0x34 ../../../../../..//binary/armv7a/gcc/am335x/system_config/Debug/libsystem_config.a(interrupt.o)
 .text.IntCurrIrqPriorityGet
                0x00000000       0x28 ../../../../../..//binary/armv7a/gcc/am335x/system_config/Debug/libsystem_config.a(interrupt.o)
 .text.IntPriorityThresholdGet
                0x00000000       0x28 ../../../../../..//binary/armv7a/gcc/am335x/system_config/Debug/libsystem_config.a(interrupt.o)
 .text.IntPriorityThresholdSet
                0x00000000       0x34 ../../../../../..//binary/armv7a/gcc/am335x/system_config/Debug/libsystem_config.a(interrupt.o)
 .text.IntRawStatusGet
                0x00000000       0x5c ../../../../../..//binary/armv7a/gcc/am335x/system_config/Debug/libsystem_config.a(interrupt.o)
 .text.IntSoftwareIntSet
                0x00000000       0x50 ../../../../../..//binary/armv7a/gcc/am335x/system_config/Debug/libsystem_config.a(interrupt.o)
 .text.IntSoftwareIntClear
                0x00000000       0x50 ../../../../../..//binary/armv7a/gcc/am335x/system_config/Debug/libsystem_config.a(interrupt.o)
 .text.IntPendingIrqMaskedStatusGet
                0x00000000       0x58 ../../../../../..//binary/armv7a/gcc/am335x/system_config/Debug/libsystem_config.a(interrupt.o)
 .text.IntMasterIRQDisable
                0x00000000       0x1c ../../../../../..//binary/armv7a/gcc/am335x/system_config/Debug/libsystem_config.a(interrupt.o)
 .text.IntMasterFIQEnable
                0x00000000       0x1c ../../../../../..//binary/armv7a/gcc/am335x/system_config/Debug/libsystem_config.a(interrupt.o)
 .text.IntMasterFIQDisable
                0x00000000       0x1c ../../../../../..//binary/armv7a/gcc/am335x/system_config/Debug/libsystem_config.a(interrupt.o)
 .text.IntMasterStatusGet
                0x00000000       0x20 ../../../../../..//binary/armv7a/gcc/am335x/system_config/Debug/libsystem_config.a(interrupt.o)
 .text.IntDisable
                0x00000000       0x3c ../../../../../..//binary/armv7a/gcc/am335x/system_config/Debug/libsystem_config.a(interrupt.o)
 .text.IntEnable
                0x00000000       0x38 ../../../../../..//binary/armv7a/gcc/am335x/system_config/Debug/libsystem_config.a(interrupt.o)
 .text          0x00000000        0x0 ../../../../../..//binary/armv7a/gcc/am335x/system_config/Debug/libsystem_config.a(startup.o)
 .data          0x00000000        0x0 ../../../../../..//binary/armv7a/gcc/am335x/system_config/Debug/libsystem_config.a(startup.o)
 .bss           0x00000000        0x0 ../../../../../..//binary/armv7a/gcc/am335x/system_config/Debug/libsystem_config.a(startup.o)
 .rodata.AM335X_VECTOR_BASE
                0x00000000        0x4 ../../../../../..//binary/armv7a/gcc/am335x/system_config/Debug/libsystem_config.a(startup.o)
 .data          0x00000000        0x0 ../../../../../..//binary/armv7a/gcc/am335x/system_config/Debug/libsystem_config.a(cp15.o)
 .bss           0x00000000        0x0 ../../../../../..//binary/armv7a/gcc/am335x/system_config/Debug/libsystem_config.a(cp15.o)
 .text          0x00000000        0x0 ../../../../../..//binary/armv7a/gcc/am335x/system_config/Debug/libsystem_config.a(cpu.o)
 .data          0x00000000        0x0 ../../../../../..//binary/armv7a/gcc/am335x/system_config/Debug/libsystem_config.a(cpu.o)
 .bss           0x00000000        0x0 ../../../../../..//binary/armv7a/gcc/am335x/system_config/Debug/libsystem_config.a(cpu.o)
 .text.CPUSwitchToPrivilegedMode
                0x00000000       0x1c ../../../../../..//binary/armv7a/gcc/am335x/system_config/Debug/libsystem_config.a(cpu.o)
 .text.CPUSwitchToUserMode
                0x00000000       0x28 ../../../../../..//binary/armv7a/gcc/am335x/system_config/Debug/libsystem_config.a(cpu.o)
 .text.CPUAbortHandler
                0x00000000       0x18 ../../../../../..//binary/armv7a/gcc/am335x/system_config/Debug/libsystem_config.a(cpu.o)
 .text.CPUIntStatus
                0x00000000       0x2c ../../../../../..//binary/armv7a/gcc/am335x/system_config/Debug/libsystem_config.a(cpu.o)
 .text.CPUirqd  0x00000000       0x28 ../../../../../..//binary/armv7a/gcc/am335x/system_config/Debug/libsystem_config.a(cpu.o)
 .text.CPUfiqd  0x00000000       0x28 ../../../../../..//binary/armv7a/gcc/am335x/system_config/Debug/libsystem_config.a(cpu.o)
 .text.CPUfiqe  0x00000000       0x28 ../../../../../..//binary/armv7a/gcc/am335x/system_config/Debug/libsystem_config.a(cpu.o)
 .data          0x00000000        0x0 ../../../../../..//binary/armv7a/gcc/am335x/system_config/Debug/libsystem_config.a(exceptionhandler.o)
 .bss           0x00000000        0x0 ../../../../../..//binary/armv7a/gcc/am335x/system_config/Debug/libsystem_config.a(exceptionhandler.o)
 .data          0x00000000        0x0 /home/heldercs/UFC/disciplina_QXD0149/lab/toolchain/gcc-arm-none-eabi/lib/gcc/arm-none-eabi/5.4.1/libgcc.a(_udivsi3.o)
 .bss           0x00000000        0x0 /home/heldercs/UFC/disciplina_QXD0149/lab/toolchain/gcc-arm-none-eabi/lib/gcc/arm-none-eabi/5.4.1/libgcc.a(_udivsi3.o)
 .data          0x00000000        0x0 /home/heldercs/UFC/disciplina_QXD0149/lab/toolchain/gcc-arm-none-eabi/lib/gcc/arm-none-eabi/5.4.1/libgcc.a(_divsi3.o)
 .bss           0x00000000        0x0 /home/heldercs/UFC/disciplina_QXD0149/lab/toolchain/gcc-arm-none-eabi/lib/gcc/arm-none-eabi/5.4.1/libgcc.a(_divsi3.o)
 .data          0x00000000        0x0 /home/heldercs/UFC/disciplina_QXD0149/lab/toolchain/gcc-arm-none-eabi/lib/gcc/arm-none-eabi/5.4.1/libgcc.a(_dvmd_tls.o)
 .bss           0x00000000        0x0 /home/heldercs/UFC/disciplina_QXD0149/lab/toolchain/gcc-arm-none-eabi/lib/gcc/arm-none-eabi/5.4.1/libgcc.a(_dvmd_tls.o)
 .text          0x00000000        0x0 ../../../../../..//binary/armv7a/gcc/am335x/drivers/Debug/libdrivers.a(uart_irda_cir.o)
 .data          0x00000000        0x0 ../../../../../..//binary/armv7a/gcc/am335x/drivers/Debug/libdrivers.a(uart_irda_cir.o)
 .bss           0x00000000        0x0 ../../../../../..//binary/armv7a/gcc/am335x/drivers/Debug/libdrivers.a(uart_irda_cir.o)
 .text.UARTDivisorLatchEnable
                0x00000000       0x40 ../../../../../..//binary/armv7a/gcc/am335x/drivers/Debug/libdrivers.a(uart_irda_cir.o)
 .text.UARTRegConfModeRestore
                0x00000000       0x38 ../../../../../..//binary/armv7a/gcc/am335x/drivers/Debug/libdrivers.a(uart_irda_cir.o)
 .text.UARTParityModeSet
                0x00000000       0x6c ../../../../../..//binary/armv7a/gcc/am335x/drivers/Debug/libdrivers.a(uart_irda_cir.o)
 .text.UARTParityModeGet
                0x00000000       0x30 ../../../../../..//binary/armv7a/gcc/am335x/drivers/Debug/libdrivers.a(uart_irda_cir.o)
 .text.UARTDMAEnable
                0x00000000       0x90 ../../../../../..//binary/armv7a/gcc/am335x/drivers/Debug/libdrivers.a(uart_irda_cir.o)
 .text.UARTDMADisable
                0x00000000       0x60 ../../../../../..//binary/armv7a/gcc/am335x/drivers/Debug/libdrivers.a(uart_irda_cir.o)
 .text.UARTSubConfigMSRSPRModeEn
                0x00000000      0x138 ../../../../../..//binary/armv7a/gcc/am335x/drivers/Debug/libdrivers.a(uart_irda_cir.o)
 .text.UARTSubConfigXOFFModeEn
                0x00000000      0x138 ../../../../../..//binary/armv7a/gcc/am335x/drivers/Debug/libdrivers.a(uart_irda_cir.o)
 .text.UARTIntEnable
                0x00000000      0x14c ../../../../../..//binary/armv7a/gcc/am335x/drivers/Debug/libdrivers.a(uart_irda_cir.o)
 .text.UARTIntDisable
                0x00000000      0x128 ../../../../../..//binary/armv7a/gcc/am335x/drivers/Debug/libdrivers.a(uart_irda_cir.o)
 .text.UARTSpaceAvail
                0x00000000       0x7c ../../../../../..//binary/armv7a/gcc/am335x/drivers/Debug/libdrivers.a(uart_irda_cir.o)
 .text.UARTCharsAvail
                0x00000000       0x7c ../../../../../..//binary/armv7a/gcc/am335x/drivers/Debug/libdrivers.a(uart_irda_cir.o)
 .text.UARTCharPutNonBlocking
                0x00000000       0x90 ../../../../../..//binary/armv7a/gcc/am335x/drivers/Debug/libdrivers.a(uart_irda_cir.o)
 .text.UARTCharGetNonBlocking
                0x00000000       0x80 ../../../../../..//binary/armv7a/gcc/am335x/drivers/Debug/libdrivers.a(uart_irda_cir.o)
 .text.UARTCharGet
                0x00000000       0x84 ../../../../../..//binary/armv7a/gcc/am335x/drivers/Debug/libdrivers.a(uart_irda_cir.o)
 .text.UARTCharGetTimeout
                0x00000000       0xb0 ../../../../../..//binary/armv7a/gcc/am335x/drivers/Debug/libdrivers.a(uart_irda_cir.o)
 .text.UARTFIFOCharPut
                0x00000000       0x34 ../../../../../..//binary/armv7a/gcc/am335x/drivers/Debug/libdrivers.a(uart_irda_cir.o)
 .text.UARTFIFOCharGet
                0x00000000       0x2c ../../../../../..//binary/armv7a/gcc/am335x/drivers/Debug/libdrivers.a(uart_irda_cir.o)
 .text.UARTFIFOWrite
                0x00000000       0x74 ../../../../../..//binary/armv7a/gcc/am335x/drivers/Debug/libdrivers.a(uart_irda_cir.o)
 .text.UARTRxErrorGet
                0x00000000       0x70 ../../../../../..//binary/armv7a/gcc/am335x/drivers/Debug/libdrivers.a(uart_irda_cir.o)
 .text.UARTIntIdentityGet
                0x00000000       0x70 ../../../../../..//binary/armv7a/gcc/am335x/drivers/Debug/libdrivers.a(uart_irda_cir.o)
 .text.UARTIntPendingStatusGet
                0x00000000       0x7c ../../../../../..//binary/armv7a/gcc/am335x/drivers/Debug/libdrivers.a(uart_irda_cir.o)
 .text.UARTFIFOEnableStatusGet
                0x00000000       0x7c ../../../../../..//binary/armv7a/gcc/am335x/drivers/Debug/libdrivers.a(uart_irda_cir.o)
 .text.UARTAutoRTSAutoCTSControl
                0x00000000       0xc8 ../../../../../..//binary/armv7a/gcc/am335x/drivers/Debug/libdrivers.a(uart_irda_cir.o)
 .text.UARTSpecialCharDetectControl
                0x00000000       0x9c ../../../../../..//binary/armv7a/gcc/am335x/drivers/Debug/libdrivers.a(uart_irda_cir.o)
 .text.UARTSoftwareFlowCtrlOptSet
                0x00000000       0x9c ../../../../../..//binary/armv7a/gcc/am335x/drivers/Debug/libdrivers.a(uart_irda_cir.o)
 .text.UARTPulseShapingControl
                0x00000000       0x6c ../../../../../..//binary/armv7a/gcc/am335x/drivers/Debug/libdrivers.a(uart_irda_cir.o)
 .text.UARTIdleModeConfigure
                0x00000000       0x6c ../../../../../..//binary/armv7a/gcc/am335x/drivers/Debug/libdrivers.a(uart_irda_cir.o)
 .text.UARTWakeUpControl
                0x00000000       0x6c ../../../../../..//binary/armv7a/gcc/am335x/drivers/Debug/libdrivers.a(uart_irda_cir.o)
 .text.UARTAutoIdleModeControl
                0x00000000       0x6c ../../../../../..//binary/armv7a/gcc/am335x/drivers/Debug/libdrivers.a(uart_irda_cir.o)
 .text.UARTFlowCtrlTrigLvlConfig
                0x00000000       0x68 ../../../../../..//binary/armv7a/gcc/am335x/drivers/Debug/libdrivers.a(uart_irda_cir.o)
 .text.UARTXON1XOFF1ValProgram
                0x00000000       0x58 ../../../../../..//binary/armv7a/gcc/am335x/drivers/Debug/libdrivers.a(uart_irda_cir.o)
 .text.UARTXON2XOFF2ValProgram
                0x00000000       0x58 ../../../../../..//binary/armv7a/gcc/am335x/drivers/Debug/libdrivers.a(uart_irda_cir.o)
 .text.UARTXONAnyFeatureControl
                0x00000000      0x11c ../../../../../..//binary/armv7a/gcc/am335x/drivers/Debug/libdrivers.a(uart_irda_cir.o)
 .text.UARTLoopbackModeControl
                0x00000000       0x6c ../../../../../..//binary/armv7a/gcc/am335x/drivers/Debug/libdrivers.a(uart_irda_cir.o)
 .text.UARTModemControlSet
                0x00000000       0x4c ../../../../../..//binary/armv7a/gcc/am335x/drivers/Debug/libdrivers.a(uart_irda_cir.o)
 .text.UARTModemControlClear
                0x00000000       0x50 ../../../../../..//binary/armv7a/gcc/am335x/drivers/Debug/libdrivers.a(uart_irda_cir.o)
 .text.UARTModemStatusGet
                0x00000000       0x30 ../../../../../..//binary/armv7a/gcc/am335x/drivers/Debug/libdrivers.a(uart_irda_cir.o)
 .text.UARTModemStatusChangeCheck
                0x00000000       0x30 ../../../../../..//binary/armv7a/gcc/am335x/drivers/Debug/libdrivers.a(uart_irda_cir.o)
 .text.UARTResumeOperation
                0x00000000       0x2c ../../../../../..//binary/armv7a/gcc/am335x/drivers/Debug/libdrivers.a(uart_irda_cir.o)
 .text.UARTWakeUpEventsEnable
                0x00000000       0x4c ../../../../../..//binary/armv7a/gcc/am335x/drivers/Debug/libdrivers.a(uart_irda_cir.o)
 .text.UARTWakeUpEventsDisable
                0x00000000       0x50 ../../../../../..//binary/armv7a/gcc/am335x/drivers/Debug/libdrivers.a(uart_irda_cir.o)
 .text.UARTFIFOTrigLvlGranControl
                0x00000000       0x98 ../../../../../..//binary/armv7a/gcc/am335x/drivers/Debug/libdrivers.a(uart_irda_cir.o)
 .text.UARTDSRInterruptControl
                0x00000000       0x6c ../../../../../..//binary/armv7a/gcc/am335x/drivers/Debug/libdrivers.a(uart_irda_cir.o)
 .text.UARTTxEmptyIntControl
                0x00000000       0x6c ../../../../../..//binary/armv7a/gcc/am335x/drivers/Debug/libdrivers.a(uart_irda_cir.o)
 .text.UARTRXCTSDSRWakeUpConfigure
                0x00000000       0x6c ../../../../../..//binary/armv7a/gcc/am335x/drivers/Debug/libdrivers.a(uart_irda_cir.o)
 .text.UARTRXCTSDSRTransitionStatusGet
                0x00000000       0x30 ../../../../../..//binary/armv7a/gcc/am335x/drivers/Debug/libdrivers.a(uart_irda_cir.o)
 .text.UARTDMACounterResetControl
                0x00000000       0x6c ../../../../../..//binary/armv7a/gcc/am335x/drivers/Debug/libdrivers.a(uart_irda_cir.o)
 .text.UARTTxFIFOFullStatusGet
                0x00000000       0x30 ../../../../../..//binary/armv7a/gcc/am335x/drivers/Debug/libdrivers.a(uart_irda_cir.o)
 .text.UARTTxFIFOLevelGet
                0x00000000       0x2c ../../../../../..//binary/armv7a/gcc/am335x/drivers/Debug/libdrivers.a(uart_irda_cir.o)
 .text.UARTRxFIFOLevelGet
                0x00000000       0x2c ../../../../../..//binary/armv7a/gcc/am335x/drivers/Debug/libdrivers.a(uart_irda_cir.o)
 .text.UARTAutobaudParityGet
                0x00000000       0x70 ../../../../../..//binary/armv7a/gcc/am335x/drivers/Debug/libdrivers.a(uart_irda_cir.o)
 .text.UARTAutobaudWordLenGet
                0x00000000       0x70 ../../../../../..//binary/armv7a/gcc/am335x/drivers/Debug/libdrivers.a(uart_irda_cir.o)
 .text.UARTAutobaudSpeedGet
                0x00000000       0x70 ../../../../../..//binary/armv7a/gcc/am335x/drivers/Debug/libdrivers.a(uart_irda_cir.o)
 .text.UARTScratchPadRegWrite
                0x00000000       0x6c ../../../../../..//binary/armv7a/gcc/am335x/drivers/Debug/libdrivers.a(uart_irda_cir.o)
 .text.UARTScratchPadRegRead
                0x00000000       0x30 ../../../../../..//binary/armv7a/gcc/am335x/drivers/Debug/libdrivers.a(uart_irda_cir.o)
 .text.UARTModuleVersionNumberGet
                0x00000000       0x30 ../../../../../..//binary/armv7a/gcc/am335x/drivers/Debug/libdrivers.a(uart_irda_cir.o)
 .text.UARTTxDMAThresholdControl
                0x00000000       0x6c ../../../../../..//binary/armv7a/gcc/am335x/drivers/Debug/libdrivers.a(uart_irda_cir.o)
 .text.UARTTxDMAThresholdValConfig
                0x00000000       0x6c ../../../../../..//binary/armv7a/gcc/am335x/drivers/Debug/libdrivers.a(uart_irda_cir.o)

Memory Configuration

Name             Origin             Length             Attributes
DDR0             0x80000000         0x10000000
*default*        0x00000000         0xffffffff

Linker script and memory map

LOAD Debug/dmtimerCounter.o
LOAD ../../../../../..//binary/armv7a/gcc/am335x/drivers/Debug/libdrivers.a
LOAD ../../../../../..//binary/armv7a/gcc/utils/Debug/libutils.a
LOAD ../../../../../..//binary/armv7a/gcc/am335x/beaglebone/platform/Debug/libplatform.a
LOAD ../../../../../..//binary/armv7a/gcc/am335x/system_config/Debug/libsystem_config.a
LOAD /home/heldercs/UFC/disciplina_QXD0149/lab/toolchain/gcc-arm-none-eabi/arm-none-eabi/lib//libc.a
LOAD /home/heldercs/UFC/disciplina_QXD0149/lab/toolchain/gcc-arm-none-eabi/lib/gcc/arm-none-eabi/5.4.1/libgcc.a
LOAD ../../../../../..//binary/armv7a/gcc/am335x/drivers/Debug/libdrivers.a
LOAD ../../../../../..//binary/armv7a/gcc/utils/Debug/libutils.a
LOAD ../../../../../..//binary/armv7a/gcc/am335x/beaglebone/platform/Debug/libplatform.a
LOAD ../../../../../..//binary/armv7a/gcc/am335x/system_config/Debug/libsystem_config.a
LOAD /home/heldercs/UFC/disciplina_QXD0149/lab/toolchain/gcc-arm-none-eabi/arm-none-eabi/lib//libc.a
LOAD /home/heldercs/UFC/disciplina_QXD0149/lab/toolchain/gcc-arm-none-eabi/lib/gcc/arm-none-eabi/5.4.1/libgcc.a

.startcode      0x80000000       0xbc
                0x80000000                . = ALIGN (0x4)
 *init.o(.text)
 .text          0x80000000       0xbc ../../../../../..//binary/armv7a/gcc/am335x/system_config/Debug/libsystem_config.a(init.o)
                0x80000000                Entry

.text           0x800000bc     0x3314
                0x800000bc                . = ALIGN (0x4)
 *(.text*)
 .text.main     0x800000bc      0x178 Debug/dmtimerCounter.o
                0x800000bc                main
 .text.DMTimerAintcConfigure
                0x80000234       0x5c Debug/dmtimerCounter.o
 .text.DMTimerSetUp
                0x80000290       0x6c Debug/dmtimerCounter.o
 .text.DMTimerIsr
                0x800002fc       0x68 Debug/dmtimerCounter.o
 .text.DMTimerEnable
                0x80000364       0x78 ../../../../../..//binary/armv7a/gcc/am335x/drivers/Debug/libdrivers.a(dmtimer.o)
                0x80000364                DMTimerEnable
 .text.DMTimerDisable
                0x800003dc       0x78 ../../../../../..//binary/armv7a/gcc/am335x/drivers/Debug/libdrivers.a(dmtimer.o)
                0x800003dc                DMTimerDisable
 .text.DMTimerModeConfigure
                0x80000454       0xe0 ../../../../../..//binary/armv7a/gcc/am335x/drivers/Debug/libdrivers.a(dmtimer.o)
                0x80000454                DMTimerModeConfigure
 .text.DMTimerCounterSet
                0x80000534       0x70 ../../../../../..//binary/armv7a/gcc/am335x/drivers/Debug/libdrivers.a(dmtimer.o)
                0x80000534                DMTimerCounterSet
 .text.DMTimerReloadSet
                0x800005a4       0x70 ../../../../../..//binary/armv7a/gcc/am335x/drivers/Debug/libdrivers.a(dmtimer.o)
                0x800005a4                DMTimerReloadSet
 .text.DMTimerIntStatusClear
                0x80000614       0x3c ../../../../../..//binary/armv7a/gcc/am335x/drivers/Debug/libdrivers.a(dmtimer.o)
                0x80000614                DMTimerIntStatusClear
 .text.DMTimerIntEnable
                0x80000650       0x3c ../../../../../..//binary/armv7a/gcc/am335x/drivers/Debug/libdrivers.a(dmtimer.o)
                0x80000650                DMTimerIntEnable
 .text.DMTimerIntDisable
                0x8000068c       0x3c ../../../../../..//binary/armv7a/gcc/am335x/drivers/Debug/libdrivers.a(dmtimer.o)
                0x8000068c                DMTimerIntDisable
 .text.DMTimerReset
                0x800006c8       0x5c ../../../../../..//binary/armv7a/gcc/am335x/drivers/Debug/libdrivers.a(dmtimer.o)
                0x800006c8                DMTimerReset
 .text.DMTimerWritePostedStatusGet
                0x80000724       0x2c ../../../../../..//binary/armv7a/gcc/am335x/drivers/Debug/libdrivers.a(dmtimer.o)
                0x80000724                DMTimerWritePostedStatusGet
 .text.ConsoleUtilsInit
                0x80000750       0x1c ../../../../../..//binary/armv7a/gcc/utils/Debug/libutils.a(consoleUtils.o)
                0x80000750                ConsoleUtilsInit
 .text.ConsoleUtilsSetType
                0x8000076c       0x58 ../../../../../..//binary/armv7a/gcc/utils/Debug/libutils.a(consoleUtils.o)
                0x8000076c                ConsoleUtilsSetType
 .text.ConsoleUtilsPrintf
                0x800007c4       0x70 ../../../../../..//binary/armv7a/gcc/utils/Debug/libutils.a(consoleUtils.o)
                0x800007c4                ConsoleUtilsPrintf
 .text.UARTStdioInit
                0x80000834       0x1c ../../../../../..//binary/armv7a/gcc/utils/Debug/libutils.a(uartStdio.o)
                0x80000834                UARTStdioInit
 .text.UARTPuts
                0x80000850       0xe4 ../../../../../..//binary/armv7a/gcc/utils/Debug/libutils.a(uartStdio.o)
                0x80000850                UARTPuts
 .text.UARTPutc
                0x80000934       0x34 ../../../../../..//binary/armv7a/gcc/utils/Debug/libutils.a(uartStdio.o)
                0x80000934                UARTPutc
 .text.UARTwrite
                0x80000968       0x94 ../../../../../..//binary/armv7a/gcc/utils/Debug/libutils.a(uartStdio.o)
                0x80000968                UARTwrite
 .text.UARTPrintf
                0x800009fc      0x65c ../../../../../..//binary/armv7a/gcc/utils/Debug/libutils.a(uartStdio.o)
                0x800009fc                UARTPrintf
 .text.DMTimer2ModuleClkConfig
                0x80001058      0x264 ../../../../../..//binary/armv7a/gcc/am335x/beaglebone/platform/Debug/libplatform.a(dmtimer.o)
                0x80001058                DMTimer2ModuleClkConfig
 .text.UARTStdioInitExpClk
                0x800012bc       0xd4 ../../../../../..//binary/armv7a/gcc/am335x/beaglebone/platform/Debug/libplatform.a(uartConsole.o)
 .text.UartFIFOConfigure
                0x80001390       0x68 ../../../../../..//binary/armv7a/gcc/am335x/beaglebone/platform/Debug/libplatform.a(uartConsole.o)
 .text.UartBaudRateSet
                0x800013f8       0x60 ../../../../../..//binary/armv7a/gcc/am335x/beaglebone/platform/Debug/libplatform.a(uartConsole.o)
 .text.UARTConsoleInit
                0x80001458       0x48 ../../../../../..//binary/armv7a/gcc/am335x/beaglebone/platform/Debug/libplatform.a(uartConsole.o)
                0x80001458                UARTConsoleInit
 .text.UARTConsolePutc
                0x800014a0       0x3c ../../../../../..//binary/armv7a/gcc/am335x/beaglebone/platform/Debug/libplatform.a(uartConsole.o)
                0x800014a0                UARTConsolePutc
 .text.UARTPinMuxSetup
                0x800014dc       0x4c ../../../../../..//binary/armv7a/gcc/am335x/beaglebone/platform/Debug/libplatform.a(uart.o)
                0x800014dc                UARTPinMuxSetup
 .text.UART0ModuleClkConfig
                0x80001528      0x360 ../../../../../..//binary/armv7a/gcc/am335x/beaglebone/platform/Debug/libplatform.a(uart.o)
                0x80001528                UART0ModuleClkConfig
 .text.IntDefaultHandler
                0x80001888       0x18 ../../../../../..//binary/armv7a/gcc/am335x/system_config/Debug/libsystem_config.a(interrupt.o)
 .text.IntRegister
                0x800018a0       0x38 ../../../../../..//binary/armv7a/gcc/am335x/system_config/Debug/libsystem_config.a(interrupt.o)
                0x800018a0                IntRegister
 .text.IntAINTCInit
                0x800018d8       0x94 ../../../../../..//binary/armv7a/gcc/am335x/system_config/Debug/libsystem_config.a(interrupt.o)
                0x800018d8                IntAINTCInit
 .text.IntPrioritySet
                0x8000196c       0x58 ../../../../../..//binary/armv7a/gcc/am335x/system_config/Debug/libsystem_config.a(interrupt.o)
                0x8000196c                IntPrioritySet
 .text.IntSystemEnable
                0x800019c4       0x54 ../../../../../..//binary/armv7a/gcc/am335x/system_config/Debug/libsystem_config.a(interrupt.o)
                0x800019c4                IntSystemEnable
 .text.IntMasterIRQEnable
                0x80001a18       0x1c ../../../../../..//binary/armv7a/gcc/am335x/system_config/Debug/libsystem_config.a(interrupt.o)
                0x80001a18                IntMasterIRQEnable
 .text.start_boot
                0x80001a34       0x24 ../../../../../..//binary/armv7a/gcc/am335x/system_config/Debug/libsystem_config.a(startup.o)
                0x80001a34                start_boot
 .text.CopyVectorTable
                0x80001a58       0x94 ../../../../../..//binary/armv7a/gcc/am335x/system_config/Debug/libsystem_config.a(startup.o)
 .text          0x80001aec      0x488 ../../../../../..//binary/armv7a/gcc/am335x/system_config/Debug/libsystem_config.a(cp15.o)
                0x80001aec                CP15ICacheDisable
                0x80001b08                CP15DCacheDisable
                0x80001b24                CP15ICacheEnable
                0x80001b34                CP15DCacheEnable
                0x80001b44                CP15DCacheFlush
                0x80001bd8                CP15DCacheClean
                0x80001c6c                CP15DCacheCleanFlush
                0x80001d00                CP15ICacheFlush
                0x80001d10                CP15DCacheCleanBuff
                0x80001d64                CP15DCacheCleanFlushBuff
                0x80001db8                CP15DCacheFlushBuff
                0x80001e1c                CP15ICacheFlushBuff
                0x80001e70                CP15Ttb0Set
                0x80001e7c                CP15TlbInvalidate
                0x80001e88                CP15MMUDisable
                0x80001ea0                CP15MMUEnable
                0x80001eb4                CP15VectorBaseAddrSet
                0x80001ec0                CP15BranchPredictorInvalidate
                0x80001ecc                CP15BranchPredictionEnable
                0x80001edc                CP15BranchPredictionDisable
                0x80001eec                CP15DomainAccessClientSet
                0x80001efc                CP15ControlFeatureDisable
                0x80001f10                CP15ControlFeatureEnable
                0x80001f24                CP15TtbCtlTtb0Config
                0x80001f34                CP15AuxControlFeatureEnable
                0x80001f48                CP15AuxControlFeatureDisable
                0x80001f5c                CP15MainIdPrimPartNumGet
 .text.CPUirqe  0x80001f74       0x28 ../../../../../..//binary/armv7a/gcc/am335x/system_config/Debug/libsystem_config.a(cpu.o)
                0x80001f74                CPUirqe
 .text          0x80001f9c       0xf0 ../../../../../..//binary/armv7a/gcc/am335x/system_config/Debug/libsystem_config.a(exceptionhandler.o)
                0x80001f9c                SVC_Handler
                0x80001fc4                IRQHandler
                0x80002070                FIQHandler
                0x80002074                UndefInstHandler
                0x80002074                AbortHandler
 .text          0x8000208c      0x114 /home/heldercs/UFC/disciplina_QXD0149/lab/toolchain/gcc-arm-none-eabi/lib/gcc/arm-none-eabi/5.4.1/libgcc.a(_udivsi3.o)
                0x8000208c                __udivsi3
                0x8000208c                __aeabi_uidiv
                0x80002180                __aeabi_uidivmod
 .text          0x800021a0      0x148 /home/heldercs/UFC/disciplina_QXD0149/lab/toolchain/gcc-arm-none-eabi/lib/gcc/arm-none-eabi/5.4.1/libgcc.a(_divsi3.o)
                0x800021a0                __aeabi_idiv
                0x800021a0                __divsi3
                0x800022c8                __aeabi_idivmod
 .text          0x800022e8        0x4 /home/heldercs/UFC/disciplina_QXD0149/lab/toolchain/gcc-arm-none-eabi/lib/gcc/arm-none-eabi/5.4.1/libgcc.a(_dvmd_tls.o)
                0x800022e8                __aeabi_ldiv0
                0x800022e8                __aeabi_idiv0
 .text.UARTOperatingModeSelect
                0x800022ec       0x8c ../../../../../..//binary/armv7a/gcc/am335x/drivers/Debug/libdrivers.a(uart_irda_cir.o)
                0x800022ec                UARTOperatingModeSelect
 .text.UARTDivisorValCompute
                0x80002378       0xf8 ../../../../../..//binary/armv7a/gcc/am335x/drivers/Debug/libdrivers.a(uart_irda_cir.o)
                0x80002378                UARTDivisorValCompute
 .text.UARTDivisorLatchWrite
                0x80002470      0x22c ../../../../../..//binary/armv7a/gcc/am335x/drivers/Debug/libdrivers.a(uart_irda_cir.o)
                0x80002470                UARTDivisorLatchWrite
 .text.UARTDivisorLatchDisable
                0x8000269c       0x40 ../../../../../..//binary/armv7a/gcc/am335x/drivers/Debug/libdrivers.a(uart_irda_cir.o)
                0x8000269c                UARTDivisorLatchDisable
 .text.UARTRegConfigModeEnable
                0x800026dc       0xa0 ../../../../../..//binary/armv7a/gcc/am335x/drivers/Debug/libdrivers.a(uart_irda_cir.o)
                0x800026dc                UARTRegConfigModeEnable
 .text.UARTBreakCtl
                0x8000277c       0x6c ../../../../../..//binary/armv7a/gcc/am335x/drivers/Debug/libdrivers.a(uart_irda_cir.o)
                0x8000277c                UARTBreakCtl
 .text.UARTLineCharacConfig
                0x800027e8       0xb8 ../../../../../..//binary/armv7a/gcc/am335x/drivers/Debug/libdrivers.a(uart_irda_cir.o)
                0x800027e8                UARTLineCharacConfig
 .text.UARTFIFOConfig
                0x800028a0      0x4b8 ../../../../../..//binary/armv7a/gcc/am335x/drivers/Debug/libdrivers.a(uart_irda_cir.o)
                0x800028a0                UARTFIFOConfig
 .text.UARTFIFORegisterWrite
                0x80002d58       0xcc ../../../../../..//binary/armv7a/gcc/am335x/drivers/Debug/libdrivers.a(uart_irda_cir.o)
                0x80002d58                UARTFIFORegisterWrite
 .text.UARTEnhanFuncEnable
                0x80002e24       0x90 ../../../../../..//binary/armv7a/gcc/am335x/drivers/Debug/libdrivers.a(uart_irda_cir.o)
                0x80002e24                UARTEnhanFuncEnable
 .text.UARTEnhanFuncBitValRestore
                0x80002eb4       0x9c ../../../../../..//binary/armv7a/gcc/am335x/drivers/Debug/libdrivers.a(uart_irda_cir.o)
                0x80002eb4                UARTEnhanFuncBitValRestore
 .text.UARTSubConfigTCRTLRModeEn
                0x80002f50      0x138 ../../../../../..//binary/armv7a/gcc/am335x/drivers/Debug/libdrivers.a(uart_irda_cir.o)
                0x80002f50                UARTSubConfigTCRTLRModeEn
 .text.UARTTCRTLRBitValRestore
                0x80003088      0x144 ../../../../../..//binary/armv7a/gcc/am335x/drivers/Debug/libdrivers.a(uart_irda_cir.o)
                0x80003088                UARTTCRTLRBitValRestore
 .text.UARTCharPut
                0x800031cc       0x80 ../../../../../..//binary/armv7a/gcc/am335x/drivers/Debug/libdrivers.a(uart_irda_cir.o)
                0x800031cc                UARTCharPut
 .text.UARTModuleReset
                0x8000324c       0x5c ../../../../../..//binary/armv7a/gcc/am335x/drivers/Debug/libdrivers.a(uart_irda_cir.o)
                0x8000324c                UARTModuleReset
 *(.rodata*)
 .rodata        0x800032a8       0x3f Debug/dmtimerCounter.o
 *fill*         0x800032e7        0x1 
 .rodata        0x800032e8       0x50 ../../../../../..//binary/armv7a/gcc/utils/Debug/libutils.a(consoleUtils.o)
 .rodata        0x80003338       0x60 ../../../../../..//binary/armv7a/gcc/utils/Debug/libutils.a(uartStdio.o)
 .rodata.vecTbl
                0x80003398       0x38 ../../../../../..//binary/armv7a/gcc/am335x/system_config/Debug/libsystem_config.a(startup.o)

.glue_7         0x800033d0        0x0
 .glue_7        0x800033d0        0x0 linker stubs

.glue_7t        0x800033d0        0x0
 .glue_7t       0x800033d0        0x0 linker stubs

.vfp11_veneer   0x800033d0        0x0
 .vfp11_veneer  0x800033d0        0x0 linker stubs

.v4_bx          0x800033d0        0x0
 .v4_bx         0x800033d0        0x0 linker stubs

.iplt           0x800033d0        0x0
 .iplt          0x800033d0        0x0 Debug/dmtimerCounter.o

.rel.dyn        0x800033d0        0x0
 .rel.iplt      0x800033d0        0x0 Debug/dmtimerCounter.o

.data           0x800033d0        0x4
                0x800033d0                . = ALIGN (0x4)
 *(.data*)
 .data.cntValue
                0x800033d0        0x4 Debug/dmtimerCounter.o

.igot.plt       0x800033d4        0x0
 .igot.plt      0x800033d4        0x0 Debug/dmtimerCounter.o

.bss            0x800033d4      0x208
                0x800033d4                . = ALIGN (0x4)
                0x800033d4                _bss_start = .
 *(.bss*)
 .bss.flagIsr   0x800033d4        0x4 Debug/dmtimerCounter.o
 .bss.ConsoleType
                0x800033d8        0x1 ../../../../../..//binary/armv7a/gcc/utils/Debug/libutils.a(consoleUtils.o)
 *(COMMON)
 *fill*         0x800033d9        0x3 
 COMMON         0x800033dc      0x200 ../../../../../..//binary/armv7a/gcc/am335x/system_config/Debug/libsystem_config.a(interrupt.o)
                0x800033dc                fnRAMVectors
                0x800035dc                _bss_end = .

.heap           0x800035dc      0x800
                0x800035dc                . = ALIGN (0x4)
                0x800035dc                __end__ = .
                0x800035dc                end = __end__
                0x800035dc                __HeapBase = __end__
 *(.heap*)
                0x80003ddc                . = (. + 0x800)
 *fill*         0x800035dc      0x800 
                0x80003ddc                __HeapLimit = .

.stack          0x80003ddc  0x7fffff8
                0x80003ddc                . = ALIGN (0x4)
                0x80003ddc                __StackLimit = .
 *(.stack*)
                0x88003dd4                . = (. + 0x7fffff8)
 *fill*         0x80003ddc  0x7fffff8 
                0x88003dd4                __StackTop = .
                0x88003dd4                _stack = __StackTop
OUTPUT(Debug/dmtimerCounter.out elf32-littlearm)

.debug_info     0x00000000     0x2c38
 .debug_info    0x00000000       0xf5 Debug/dmtimerCounter.o
 .debug_info    0x000000f5      0x540 ../../../../../..//binary/armv7a/gcc/am335x/drivers/Debug/libdrivers.a(dmtimer.o)
 .debug_info    0x00000635      0x277 ../../../../../..//binary/armv7a/gcc/utils/Debug/libutils.a(consoleUtils.o)
 .debug_info    0x000008ac      0x64e ../../../../../..//binary/armv7a/gcc/utils/Debug/libutils.a(uartStdio.o)
 .debug_info    0x00000efa       0xb1 ../../../../../..//binary/armv7a/gcc/am335x/beaglebone/platform/Debug/libplatform.a(dmtimer.o)
 .debug_info    0x00000fab      0x137 ../../../../../..//binary/armv7a/gcc/am335x/beaglebone/platform/Debug/libplatform.a(uartConsole.o)
 .debug_info    0x000010e2       0x70 ../../../../../..//binary/armv7a/gcc/am335x/beaglebone/platform/Debug/libplatform.a(uart.o)
 .debug_info    0x00001152       0xbb ../../../../../..//binary/armv7a/gcc/am335x/system_config/Debug/libsystem_config.a(init.o)
 .debug_info    0x0000120d      0x3cf ../../../../../..//binary/armv7a/gcc/am335x/system_config/Debug/libsystem_config.a(interrupt.o)
 .debug_info    0x000015dc       0xd2 ../../../../../..//binary/armv7a/gcc/am335x/system_config/Debug/libsystem_config.a(startup.o)
 .debug_info    0x000016ae       0xbb ../../../../../..//binary/armv7a/gcc/am335x/system_config/Debug/libsystem_config.a(cp15.o)
 .debug_info    0x00001769       0xcc ../../../../../..//binary/armv7a/gcc/am335x/system_config/Debug/libsystem_config.a(cpu.o)
 .debug_info    0x00001835       0xce ../../../../../..//binary/armv7a/gcc/am335x/system_config/Debug/libsystem_config.a(exceptionhandler.o)
 .debug_info    0x00001903     0x1335 ../../../../../..//binary/armv7a/gcc/am335x/drivers/Debug/libdrivers.a(uart_irda_cir.o)

.debug_abbrev   0x00000000      0xa4b
 .debug_abbrev  0x00000000       0x8c Debug/dmtimerCounter.o
 .debug_abbrev  0x0000008c      0x120 ../../../../../..//binary/armv7a/gcc/am335x/drivers/Debug/libdrivers.a(dmtimer.o)
 .debug_abbrev  0x000001ac      0x156 ../../../../../..//binary/armv7a/gcc/utils/Debug/libutils.a(consoleUtils.o)
 .debug_abbrev  0x00000302      0x184 ../../../../../..//binary/armv7a/gcc/utils/Debug/libutils.a(uartStdio.o)
 .debug_abbrev  0x00000486       0x78 ../../../../../..//binary/armv7a/gcc/am335x/beaglebone/platform/Debug/libplatform.a(dmtimer.o)
 .debug_abbrev  0x000004fe       0xa1 ../../../../../..//binary/armv7a/gcc/am335x/beaglebone/platform/Debug/libplatform.a(uartConsole.o)
 .debug_abbrev  0x0000059f       0x60 ../../../../../..//binary/armv7a/gcc/am335x/beaglebone/platform/Debug/libplatform.a(uart.o)
 .debug_abbrev  0x000005ff       0x14 ../../../../../..//binary/armv7a/gcc/am335x/system_config/Debug/libsystem_config.a(init.o)
 .debug_abbrev  0x00000613      0x1c0 ../../../../../..//binary/armv7a/gcc/am335x/system_config/Debug/libsystem_config.a(interrupt.o)
 .debug_abbrev  0x000007d3       0xa2 ../../../../../..//binary/armv7a/gcc/am335x/system_config/Debug/libsystem_config.a(startup.o)
 .debug_abbrev  0x00000875       0x14 ../../../../../..//binary/armv7a/gcc/am335x/system_config/Debug/libsystem_config.a(cp15.o)
 .debug_abbrev  0x00000889       0x62 ../../../../../..//binary/armv7a/gcc/am335x/system_config/Debug/libsystem_config.a(cpu.o)
 .debug_abbrev  0x000008eb       0x14 ../../../../../..//binary/armv7a/gcc/am335x/system_config/Debug/libsystem_config.a(exceptionhandler.o)
 .debug_abbrev  0x000008ff      0x14c ../../../../../..//binary/armv7a/gcc/am335x/drivers/Debug/libdrivers.a(uart_irda_cir.o)

.debug_aranges  0x00000000      0x710
 .debug_aranges
                0x00000000       0x38 Debug/dmtimerCounter.o
 .debug_aranges
                0x00000038       0xe8 ../../../../../..//binary/armv7a/gcc/am335x/drivers/Debug/libdrivers.a(dmtimer.o)
 .debug_aranges
                0x00000120       0x58 ../../../../../..//binary/armv7a/gcc/utils/Debug/libutils.a(consoleUtils.o)
 .debug_aranges
                0x00000178       0x88 ../../../../../..//binary/armv7a/gcc/utils/Debug/libutils.a(uartStdio.o)
 .debug_aranges
                0x00000200       0x48 ../../../../../..//binary/armv7a/gcc/am335x/beaglebone/platform/Debug/libplatform.a(dmtimer.o)
 .debug_aranges
                0x00000248       0x48 ../../../../../..//binary/armv7a/gcc/am335x/beaglebone/platform/Debug/libplatform.a(uartConsole.o)
 .debug_aranges
                0x00000290       0x28 ../../../../../..//binary/armv7a/gcc/am335x/beaglebone/platform/Debug/libplatform.a(uart.o)
 .debug_aranges
                0x000002b8       0x20 ../../../../../..//binary/armv7a/gcc/am335x/system_config/Debug/libsystem_config.a(init.o)
 .debug_aranges
                0x000002d8      0x110 ../../../../../..//binary/armv7a/gcc/am335x/system_config/Debug/libsystem_config.a(interrupt.o)
 .debug_aranges
                0x000003e8       0x28 ../../../../../..//binary/armv7a/gcc/am335x/system_config/Debug/libsystem_config.a(startup.o)
 .debug_aranges
                0x00000410       0x20 ../../../../../..//binary/armv7a/gcc/am335x/system_config/Debug/libsystem_config.a(cp15.o)
 .debug_aranges
                0x00000430       0x58 ../../../../../..//binary/armv7a/gcc/am335x/system_config/Debug/libsystem_config.a(cpu.o)
 .debug_aranges
                0x00000488       0x20 ../../../../../..//binary/armv7a/gcc/am335x/system_config/Debug/libsystem_config.a(exceptionhandler.o)
 .debug_aranges
                0x000004a8      0x268 ../../../../../..//binary/armv7a/gcc/am335x/drivers/Debug/libdrivers.a(uart_irda_cir.o)

.debug_ranges   0x00000000      0x600
 .debug_ranges  0x00000000       0x28 Debug/dmtimerCounter.o
 .debug_ranges  0x00000028       0xd8 ../../../../../..//binary/armv7a/gcc/am335x/drivers/Debug/libdrivers.a(dmtimer.o)
 .debug_ranges  0x00000100       0x48 ../../../../../..//binary/armv7a/gcc/utils/Debug/libutils.a(consoleUtils.o)
 .debug_ranges  0x00000148       0x78 ../../../../../..//binary/armv7a/gcc/utils/Debug/libutils.a(uartStdio.o)
 .debug_ranges  0x000001c0       0x38 ../../../../../..//binary/armv7a/gcc/am335x/beaglebone/platform/Debug/libplatform.a(dmtimer.o)
 .debug_ranges  0x000001f8       0x38 ../../../../../..//binary/armv7a/gcc/am335x/beaglebone/platform/Debug/libplatform.a(uartConsole.o)
 .debug_ranges  0x00000230       0x18 ../../../../../..//binary/armv7a/gcc/am335x/beaglebone/platform/Debug/libplatform.a(uart.o)
 .debug_ranges  0x00000248      0x100 ../../../../../..//binary/armv7a/gcc/am335x/system_config/Debug/libsystem_config.a(interrupt.o)
 .debug_ranges  0x00000348       0x18 ../../../../../..//binary/armv7a/gcc/am335x/system_config/Debug/libsystem_config.a(startup.o)
 .debug_ranges  0x00000360       0x48 ../../../../../..//binary/armv7a/gcc/am335x/system_config/Debug/libsystem_config.a(cpu.o)
 .debug_ranges  0x000003a8      0x258 ../../../../../..//binary/armv7a/gcc/am335x/drivers/Debug/libdrivers.a(uart_irda_cir.o)

.debug_line     0x00000000     0x1f83
 .debug_line    0x00000000       0xf8 Debug/dmtimerCounter.o
 .debug_line    0x000000f8      0x2f7 ../../../../../..//binary/armv7a/gcc/am335x/drivers/Debug/libdrivers.a(dmtimer.o)
 .debug_line    0x000003ef      0x217 ../../../../../..//binary/armv7a/gcc/utils/Debug/libutils.a(consoleUtils.o)
 .debug_line    0x00000606      0x5e9 ../../../../../..//binary/armv7a/gcc/utils/Debug/libutils.a(uartStdio.o)
 .debug_line    0x00000bef      0x304 ../../../../../..//binary/armv7a/gcc/am335x/beaglebone/platform/Debug/libplatform.a(dmtimer.o)
 .debug_line    0x00000ef3       0xd2 ../../../../../..//binary/armv7a/gcc/am335x/beaglebone/platform/Debug/libplatform.a(uartConsole.o)
 .debug_line    0x00000fc5      0x16a ../../../../../..//binary/armv7a/gcc/am335x/beaglebone/platform/Debug/libplatform.a(uart.o)
 .debug_line    0x0000112f       0x95 ../../../../../..//binary/armv7a/gcc/am335x/system_config/Debug/libsystem_config.a(init.o)
 .debug_line    0x000011c4      0x2bd ../../../../../..//binary/armv7a/gcc/am335x/system_config/Debug/libsystem_config.a(interrupt.o)
 .debug_line    0x00001481       0x96 ../../../../../..//binary/armv7a/gcc/am335x/system_config/Debug/libsystem_config.a(startup.o)
 .debug_line    0x00001517      0x18a ../../../../../..//binary/armv7a/gcc/am335x/system_config/Debug/libsystem_config.a(cp15.o)
 .debug_line    0x000016a1       0xde ../../../../../..//binary/armv7a/gcc/am335x/system_config/Debug/libsystem_config.a(cpu.o)
 .debug_line    0x0000177f       0xb9 ../../../../../..//binary/armv7a/gcc/am335x/system_config/Debug/libsystem_config.a(exceptionhandler.o)
 .debug_line    0x00001838      0x74b ../../../../../..//binary/armv7a/gcc/am335x/drivers/Debug/libdrivers.a(uart_irda_cir.o)

.debug_str      0x00000000     0x1875
 .debug_str     0x00000000      0x20d Debug/dmtimerCounter.o
                                0x21a (size before relaxing)
 .debug_str     0x0000020d      0x31e ../../../../../..//binary/armv7a/gcc/am335x/drivers/Debug/libdrivers.a(dmtimer.o)
                                0x3f6 (size before relaxing)
 .debug_str     0x0000052b      0x1c7 ../../../../../..//binary/armv7a/gcc/utils/Debug/libutils.a(consoleUtils.o)
                                0x31b (size before relaxing)
 .debug_str     0x000006f2      0x1ae ../../../../../..//binary/armv7a/gcc/utils/Debug/libutils.a(uartStdio.o)
                                0x32c (size before relaxing)
 .debug_str     0x000008a0      0x136 ../../../../../..//binary/armv7a/gcc/am335x/beaglebone/platform/Debug/libplatform.a(dmtimer.o)
                                0x20e (size before relaxing)
 .debug_str     0x000009d6       0xd9 ../../../../../..//binary/armv7a/gcc/am335x/beaglebone/platform/Debug/libplatform.a(uartConsole.o)
                                0x223 (size before relaxing)
 .debug_str     0x00000aaf       0x5f ../../../../../..//binary/armv7a/gcc/am335x/beaglebone/platform/Debug/libplatform.a(uart.o)
                                0x1a9 (size before relaxing)
 .debug_str     0x00000b0e      0x3da ../../../../../..//binary/armv7a/gcc/am335x/system_config/Debug/libsystem_config.a(interrupt.o)
                                0x423 (size before relaxing)
 .debug_str     0x00000ee8       0x70 ../../../../../..//binary/armv7a/gcc/am335x/system_config/Debug/libsystem_config.a(startup.o)
                                0x1d8 (size before relaxing)
 .debug_str     0x00000f58       0x9f ../../../../../..//binary/armv7a/gcc/am335x/system_config/Debug/libsystem_config.a(cpu.o)
                                0x1ea (size before relaxing)
 .debug_str     0x00000ff7      0x87e ../../../../../..//binary/armv7a/gcc/am335x/drivers/Debug/libdrivers.a(uart_irda_cir.o)
                                0x9ef (size before relaxing)

.comment        0x00000000       0x6e
 .comment       0x00000000       0x6e Debug/dmtimerCounter.o
                                 0x6f (size before relaxing)
 .comment       0x0000006e       0x6f ../../../../../..//binary/armv7a/gcc/am335x/drivers/Debug/libdrivers.a(dmtimer.o)
 .comment       0x0000006e       0x6f ../../../../../..//binary/armv7a/gcc/utils/Debug/libutils.a(consoleUtils.o)
 .comment       0x0000006e       0x6f ../../../../../..//binary/armv7a/gcc/utils/Debug/libutils.a(uartStdio.o)
 .comment       0x0000006e       0x6f ../../../../../..//binary/armv7a/gcc/am335x/beaglebone/platform/Debug/libplatform.a(dmtimer.o)
 .comment       0x0000006e       0x6f ../../../../../..//binary/armv7a/gcc/am335x/beaglebone/platform/Debug/libplatform.a(uartConsole.o)
 .comment       0x0000006e       0x6f ../../../../../..//binary/armv7a/gcc/am335x/beaglebone/platform/Debug/libplatform.a(uart.o)
 .comment       0x0000006e       0x6f ../../../../../..//binary/armv7a/gcc/am335x/system_config/Debug/libsystem_config.a(interrupt.o)
 .comment       0x0000006e       0x6f ../../../../../..//binary/armv7a/gcc/am335x/system_config/Debug/libsystem_config.a(startup.o)
 .comment       0x0000006e       0x6f ../../../../../..//binary/armv7a/gcc/am335x/system_config/Debug/libsystem_config.a(cpu.o)
 .comment       0x0000006e       0x6f ../../../../../..//binary/armv7a/gcc/am335x/drivers/Debug/libdrivers.a(uart_irda_cir.o)

.ARM.attributes
                0x00000000       0x39
 .ARM.attributes
                0x00000000       0x37 Debug/dmtimerCounter.o
 .ARM.attributes
                0x00000037       0x37 ../../../../../..//binary/armv7a/gcc/am335x/drivers/Debug/libdrivers.a(dmtimer.o)
 .ARM.attributes
                0x0000006e       0x37 ../../../../../..//binary/armv7a/gcc/utils/Debug/libutils.a(consoleUtils.o)
 .ARM.attributes
                0x000000a5       0x37 ../../../../../..//binary/armv7a/gcc/utils/Debug/libutils.a(uartStdio.o)
 .ARM.attributes
                0x000000dc       0x37 ../../../../../..//binary/armv7a/gcc/am335x/beaglebone/platform/Debug/libplatform.a(dmtimer.o)
 .ARM.attributes
                0x00000113       0x37 ../../../../../..//binary/armv7a/gcc/am335x/beaglebone/platform/Debug/libplatform.a(uartConsole.o)
 .ARM.attributes
                0x0000014a       0x37 ../../../../../..//binary/armv7a/gcc/am335x/beaglebone/platform/Debug/libplatform.a(uart.o)
 .ARM.attributes
                0x00000181       0x29 ../../../../../..//binary/armv7a/gcc/am335x/system_config/Debug/libsystem_config.a(init.o)
 .ARM.attributes
                0x000001aa       0x3b ../../../../../..//binary/armv7a/gcc/am335x/system_config/Debug/libsystem_config.a(interrupt.o)
 .ARM.attributes
                0x000001e5       0x3b ../../../../../..//binary/armv7a/gcc/am335x/system_config/Debug/libsystem_config.a(startup.o)
 .ARM.attributes
                0x00000220       0x29 ../../../../../..//binary/armv7a/gcc/am335x/system_config/Debug/libsystem_config.a(cp15.o)
 .ARM.attributes
                0x00000249       0x3b ../../../../../..//binary/armv7a/gcc/am335x/system_config/Debug/libsystem_config.a(cpu.o)
 .ARM.attributes
                0x00000284       0x29 ../../../../../..//binary/armv7a/gcc/am335x/system_config/Debug/libsystem_config.a(exceptionhandler.o)
 .ARM.attributes
                0x000002ad       0x18 /home/heldercs/UFC/disciplina_QXD0149/lab/toolchain/gcc-arm-none-eabi/lib/gcc/arm-none-eabi/5.4.1/libgcc.a(_udivsi3.o)
 .ARM.attributes
                0x000002c5       0x18 /home/heldercs/UFC/disciplina_QXD0149/lab/toolchain/gcc-arm-none-eabi/lib/gcc/arm-none-eabi/5.4.1/libgcc.a(_divsi3.o)
 .ARM.attributes
                0x000002dd       0x18 /home/heldercs/UFC/disciplina_QXD0149/lab/toolchain/gcc-arm-none-eabi/lib/gcc/arm-none-eabi/5.4.1/libgcc.a(_dvmd_tls.o)
 .ARM.attributes
                0x000002f5       0x37 ../../../../../..//binary/armv7a/gcc/am335x/drivers/Debug/libdrivers.a(uart_irda_cir.o)

.debug_frame    0x00000000     0x17d4
 .debug_frame   0x00000000       0x80 Debug/dmtimerCounter.o
 .debug_frame   0x00000080      0x350 ../../../../../..//binary/armv7a/gcc/am335x/drivers/Debug/libdrivers.a(dmtimer.o)
 .debug_frame   0x000003d0      0x13c ../../../../../..//binary/armv7a/gcc/utils/Debug/libutils.a(consoleUtils.o)
 .debug_frame   0x0000050c      0x1f8 ../../../../../..//binary/armv7a/gcc/utils/Debug/libutils.a(uartStdio.o)
 .debug_frame   0x00000704       0xe0 ../../../../../..//binary/armv7a/gcc/am335x/beaglebone/platform/Debug/libplatform.a(dmtimer.o)
 .debug_frame   0x000007e4       0xcc ../../../../../..//binary/armv7a/gcc/am335x/beaglebone/platform/Debug/libplatform.a(uartConsole.o)
 .debug_frame   0x000008b0       0x54 ../../../../../..//binary/armv7a/gcc/am335x/beaglebone/platform/Debug/libplatform.a(uart.o)
 .debug_frame   0x00000904      0x3dc ../../../../../..//binary/armv7a/gcc/am335x/system_config/Debug/libsystem_config.a(interrupt.o)
 .debug_frame   0x00000ce0       0x4c ../../../../../..//binary/armv7a/gcc/am335x/system_config/Debug/libsystem_config.a(startup.o)
 .debug_frame   0x00000d2c      0x110 ../../../../../..//binary/armv7a/gcc/am335x/system_config/Debug/libsystem_config.a(cpu.o)
 .debug_frame   0x00000e3c       0x20 /home/heldercs/UFC/disciplina_QXD0149/lab/toolchain/gcc-arm-none-eabi/lib/gcc/arm-none-eabi/5.4.1/libgcc.a(_udivsi3.o)
 .debug_frame   0x00000e5c       0x20 /home/heldercs/UFC/disciplina_QXD0149/lab/toolchain/gcc-arm-none-eabi/lib/gcc/arm-none-eabi/5.4.1/libgcc.a(_divsi3.o)
 .debug_frame   0x00000e7c      0x958 ../../../../../..//binary/armv7a/gcc/am335x/drivers/Debug/libdrivers.a(uart_irda_cir.o)
