Archive member included to satisfy reference by file (symbol)

../../../../../..//binary/armv7a/gcc/am335x/drivers/Debug/libdrivers.a(dmtimer.o)
                              Debug/dmtimerCounter.o (DMTimerEnable)
../../../../../..//binary/armv7a/gcc/utils/Debug/libutils.a(consoleUtils.o)
                              Debug/dmtimerCounter.o (ConsoleUtilsInit)
../../../../../..//binary/armv7a/gcc/utils/Debug/libutils.a(uartStdio.o)
                              ../../../../../..//binary/armv7a/gcc/utils/Debug/libutils.a(consoleUtils.o) (UARTStdioInit)
../../../../../..//binary/armv7a/gcc/utils/Debug/libutils.a(ascii.o)
                              ../../../../../..//binary/armv7a/gcc/utils/Debug/libutils.a(uartStdio.o) (ASCIIToDigit)
../../../../../..//binary/armv7a/gcc/am335x/beaglebone/platform/Debug/libplatform.a(dmtimer.o)
                              Debug/dmtimerCounter.o (DMTimer2ModuleClkConfig)
../../../../../..//binary/armv7a/gcc/am335x/beaglebone/platform/Debug/libplatform.a(uartConsole.o)
                              ../../../../../..//binary/armv7a/gcc/utils/Debug/libutils.a(uartStdio.o) (UARTConsoleInit)
../../../../../..//binary/armv7a/gcc/am335x/beaglebone/platform/Debug/libplatform.a(uart.o)
                              ../../../../../..//binary/armv7a/gcc/am335x/beaglebone/platform/Debug/libplatform.a(uartConsole.o) (UARTPinMuxSetup)
../../../../../..//binary/armv7a/gcc/am335x/system_config/Debug/libsystem_config.a(init.o)
                              (Entry)
../../../../../..//binary/armv7a/gcc/am335x/system_config/Debug/libsystem_config.a(startup.o)
                              ../../../../../..//binary/armv7a/gcc/am335x/system_config/Debug/libsystem_config.a(init.o) (start_boot)
../../../../../..//binary/armv7a/gcc/am335x/system_config/Debug/libsystem_config.a(cp15.o)
                              ../../../../../..//binary/armv7a/gcc/am335x/system_config/Debug/libsystem_config.a(startup.o) (CP15VectorBaseAddrSet)
../../../../../..//binary/armv7a/gcc/am335x/system_config/Debug/libsystem_config.a(exceptionhandler.o)
                              ../../../../../..//binary/armv7a/gcc/am335x/system_config/Debug/libsystem_config.a(startup.o) (IRQHandler)
../../../../../..//binary/armv7a/gcc/am335x/system_config/Debug/libsystem_config.a(interrupt.o)
                              ../../../../../..//binary/armv7a/gcc/am335x/system_config/Debug/libsystem_config.a(exceptionhandler.o) (fnRAMVectors)
../../../../../..//binary/armv7a/gcc/am335x/system_config/Debug/libsystem_config.a(cpu.o)
                              ../../../../../..//binary/armv7a/gcc/am335x/system_config/Debug/libsystem_config.a(exceptionhandler.o) (CPUAbortHandler)
/home/heldercs/UFC/disciplina_QXD0149/lab/toolchain/gcc-arm-none-eabi/lib/gcc/arm-none-eabi/5.4.1/libgcc.a(_udivsi3.o)
                              (__aeabi_uidiv)
/home/heldercs/UFC/disciplina_QXD0149/lab/toolchain/gcc-arm-none-eabi/lib/gcc/arm-none-eabi/5.4.1/libgcc.a(_divsi3.o)
                              (__aeabi_idiv)
/home/heldercs/UFC/disciplina_QXD0149/lab/toolchain/gcc-arm-none-eabi/lib/gcc/arm-none-eabi/5.4.1/libgcc.a(_dvmd_tls.o)
                              /home/heldercs/UFC/disciplina_QXD0149/lab/toolchain/gcc-arm-none-eabi/lib/gcc/arm-none-eabi/5.4.1/libgcc.a(_udivsi3.o) (__aeabi_idiv0)
../../../../../..//binary/armv7a/gcc/am335x/drivers/Debug/libdrivers.a(uart_irda_cir.o)
                              ../../../../../..//binary/armv7a/gcc/am335x/beaglebone/platform/Debug/libplatform.a(uartConsole.o) (UARTOperatingModeSelect)

Allocating common symbols
Common symbol       size              file

fnRAMVectors        0x200             ../../../../../..//binary/armv7a/gcc/am335x/system_config/Debug/libsystem_config.a(interrupt.o)

Discarded input sections

 .text          0x00000000        0x0 Debug/dmtimerCounter.o
 .data          0x00000000        0x0 Debug/dmtimerCounter.o
 .bss           0x00000000        0x0 Debug/dmtimerCounter.o
 .text          0x00000000        0x0 ../../../../../..//binary/armv7a/gcc/am335x/drivers/Debug/libdrivers.a(dmtimer.o)
 .data          0x00000000        0x0 ../../../../../..//binary/armv7a/gcc/am335x/drivers/Debug/libdrivers.a(dmtimer.o)
 .bss           0x00000000        0x0 ../../../../../..//binary/armv7a/gcc/am335x/drivers/Debug/libdrivers.a(dmtimer.o)
 .text.DMTimerPreScalerClkEnable
                0x00000000       0xe0 ../../../../../..//binary/armv7a/gcc/am335x/drivers/Debug/libdrivers.a(dmtimer.o)
 .text.DMTimerPreScalerClkDisable
                0x00000000       0x78 ../../../../../..//binary/armv7a/gcc/am335x/drivers/Debug/libdrivers.a(dmtimer.o)
 .text.DMTimerReloadSet
                0x00000000       0x70 ../../../../../..//binary/armv7a/gcc/am335x/drivers/Debug/libdrivers.a(dmtimer.o)
 .text.DMTimerReloadGet
                0x00000000       0x2c ../../../../../..//binary/armv7a/gcc/am335x/drivers/Debug/libdrivers.a(dmtimer.o)
 .text.DMTimerGPOConfigure
                0x00000000       0xe0 ../../../../../..//binary/armv7a/gcc/am335x/drivers/Debug/libdrivers.a(dmtimer.o)
 .text.DMTimerCompareSet
                0x00000000       0x70 ../../../../../..//binary/armv7a/gcc/am335x/drivers/Debug/libdrivers.a(dmtimer.o)
 .text.DMTimerCompareGet
                0x00000000       0x2c ../../../../../..//binary/armv7a/gcc/am335x/drivers/Debug/libdrivers.a(dmtimer.o)
 .text.DMTimerIntRawStatusSet
                0x00000000       0x3c ../../../../../..//binary/armv7a/gcc/am335x/drivers/Debug/libdrivers.a(dmtimer.o)
 .text.DMTimerIntRawStatusGet
                0x00000000       0x2c ../../../../../..//binary/armv7a/gcc/am335x/drivers/Debug/libdrivers.a(dmtimer.o)
 .text.DMTimerIntStatusGet
                0x00000000       0x2c ../../../../../..//binary/armv7a/gcc/am335x/drivers/Debug/libdrivers.a(dmtimer.o)
 .text.DMTimerIntStatusClear
                0x00000000       0x3c ../../../../../..//binary/armv7a/gcc/am335x/drivers/Debug/libdrivers.a(dmtimer.o)
 .text.DMTimerIntEnable
                0x00000000       0x3c ../../../../../..//binary/armv7a/gcc/am335x/drivers/Debug/libdrivers.a(dmtimer.o)
 .text.DMTimerIntDisable
                0x00000000       0x3c ../../../../../..//binary/armv7a/gcc/am335x/drivers/Debug/libdrivers.a(dmtimer.o)
 .text.DMTimerTriggerSet
                0x00000000       0x6c ../../../../../..//binary/armv7a/gcc/am335x/drivers/Debug/libdrivers.a(dmtimer.o)
 .text.DMTimerIntEnableGet
                0x00000000       0x2c ../../../../../..//binary/armv7a/gcc/am335x/drivers/Debug/libdrivers.a(dmtimer.o)
 .text.DMTimerResetConfigure
                0x00000000       0x6c ../../../../../..//binary/armv7a/gcc/am335x/drivers/Debug/libdrivers.a(dmtimer.o)
 .text.DMTimerContextSave
                0x00000000       0xc0 ../../../../../..//binary/armv7a/gcc/am335x/drivers/Debug/libdrivers.a(dmtimer.o)
 .text.DMTimerContextRestore
                0x00000000      0x188 ../../../../../..//binary/armv7a/gcc/am335x/drivers/Debug/libdrivers.a(dmtimer.o)
 .text.DMTimerPostedModeConfig
                0x00000000       0x6c ../../../../../..//binary/armv7a/gcc/am335x/drivers/Debug/libdrivers.a(dmtimer.o)
 .text          0x00000000        0x0 ../../../../../..//binary/armv7a/gcc/utils/Debug/libutils.a(consoleUtils.o)
 .data          0x00000000        0x0 ../../../../../..//binary/armv7a/gcc/utils/Debug/libutils.a(consoleUtils.o)
 .bss           0x00000000        0x0 ../../../../../..//binary/armv7a/gcc/utils/Debug/libutils.a(consoleUtils.o)
 .text.ConsoleUtilsScanf
                0x00000000       0x80 ../../../../../..//binary/armv7a/gcc/utils/Debug/libutils.a(consoleUtils.o)
 .text.ConsoleUtilsGets
                0x00000000       0x74 ../../../../../..//binary/armv7a/gcc/utils/Debug/libutils.a(consoleUtils.o)
 .text.ConsoleUtilsPuts
                0x00000000       0x64 ../../../../../..//binary/armv7a/gcc/utils/Debug/libutils.a(consoleUtils.o)
 .text.ConsoleUtilsGetChar
                0x00000000       0xa8 ../../../../../..//binary/armv7a/gcc/utils/Debug/libutils.a(consoleUtils.o)
 .text.ConsoleUtilsPutChar
                0x00000000       0x64 ../../../../../..//binary/armv7a/gcc/utils/Debug/libutils.a(consoleUtils.o)
 .text          0x00000000        0x0 ../../../../../..//binary/armv7a/gcc/utils/Debug/libutils.a(uartStdio.o)
 .data          0x00000000        0x0 ../../../../../..//binary/armv7a/gcc/utils/Debug/libutils.a(uartStdio.o)
 .bss           0x00000000        0x0 ../../../../../..//binary/armv7a/gcc/utils/Debug/libutils.a(uartStdio.o)
 .rodata.g_pcHex
                0x00000000        0x4 ../../../../../..//binary/armv7a/gcc/utils/Debug/libutils.a(uartStdio.o)
 .text.UARTStdioRead
                0x00000000       0xd0 ../../../../../..//binary/armv7a/gcc/utils/Debug/libutils.a(uartStdio.o)
 .text.UARTGets
                0x00000000       0xd8 ../../../../../..//binary/armv7a/gcc/utils/Debug/libutils.a(uartStdio.o)
 .text.UARTPutNum
                0x00000000      0x154 ../../../../../..//binary/armv7a/gcc/utils/Debug/libutils.a(uartStdio.o)
 .text.UARTPutHexNum
                0x00000000      0x178 ../../../../../..//binary/armv7a/gcc/utils/Debug/libutils.a(uartStdio.o)
 .text.UARTGetNum
                0x00000000      0x108 ../../../../../..//binary/armv7a/gcc/utils/Debug/libutils.a(uartStdio.o)
 .text.UARTGetHexNum
                0x00000000      0x2ec ../../../../../..//binary/armv7a/gcc/utils/Debug/libutils.a(uartStdio.o)
 .text.UARTGetc
                0x00000000       0x20 ../../../../../..//binary/armv7a/gcc/utils/Debug/libutils.a(uartStdio.o)
 .text.UARTprintf
                0x00000000      0x668 ../../../../../..//binary/armv7a/gcc/utils/Debug/libutils.a(uartStdio.o)
 .text.UARTScanf
                0x00000000      0x9e4 ../../../../../..//binary/armv7a/gcc/utils/Debug/libutils.a(uartStdio.o)
 .text          0x00000000        0x0 ../../../../../..//binary/armv7a/gcc/utils/Debug/libutils.a(ascii.o)
 .data          0x00000000        0x0 ../../../../../..//binary/armv7a/gcc/utils/Debug/libutils.a(ascii.o)
 .bss           0x00000000        0x0 ../../../../../..//binary/armv7a/gcc/utils/Debug/libutils.a(ascii.o)
 .text.ASCIIToDigit
                0x00000000       0xe8 ../../../../../..//binary/armv7a/gcc/utils/Debug/libutils.a(ascii.o)
 .text.DigitToASCII
                0x00000000       0xb8 ../../../../../..//binary/armv7a/gcc/utils/Debug/libutils.a(ascii.o)
 .text.StrToEthrAddr
                0x00000000      0x184 ../../../../../..//binary/armv7a/gcc/utils/Debug/libutils.a(ascii.o)
 .text.EthrAddrToStr
                0x00000000      0x180 ../../../../../..//binary/armv7a/gcc/utils/Debug/libutils.a(ascii.o)
 .text.TimeToStr
                0x00000000      0x18c ../../../../../..//binary/armv7a/gcc/utils/Debug/libutils.a(ascii.o)
 .text.DateToStr
                0x00000000      0x18c ../../../../../..//binary/armv7a/gcc/utils/Debug/libutils.a(ascii.o)
 .debug_info    0x00000000      0x26b ../../../../../..//binary/armv7a/gcc/utils/Debug/libutils.a(ascii.o)
 .debug_abbrev  0x00000000       0xce ../../../../../..//binary/armv7a/gcc/utils/Debug/libutils.a(ascii.o)
 .debug_aranges
                0x00000000       0x48 ../../../../../..//binary/armv7a/gcc/utils/Debug/libutils.a(ascii.o)
 .debug_ranges  0x00000000       0x38 ../../../../../..//binary/armv7a/gcc/utils/Debug/libutils.a(ascii.o)
 .debug_line    0x00000000      0x1c1 ../../../../../..//binary/armv7a/gcc/utils/Debug/libutils.a(ascii.o)
 .debug_str     0x00000000      0x216 ../../../../../..//binary/armv7a/gcc/utils/Debug/libutils.a(ascii.o)
 .comment       0x00000000       0x6f ../../../../../..//binary/armv7a/gcc/utils/Debug/libutils.a(ascii.o)
 .debug_frame   0x00000000       0xd0 ../../../../../..//binary/armv7a/gcc/utils/Debug/libutils.a(ascii.o)
 .ARM.attributes
                0x00000000       0x37 ../../../../../..//binary/armv7a/gcc/utils/Debug/libutils.a(ascii.o)
 .text          0x00000000        0x0 ../../../../../..//binary/armv7a/gcc/am335x/beaglebone/platform/Debug/libplatform.a(dmtimer.o)
 .data          0x00000000        0x0 ../../../../../..//binary/armv7a/gcc/am335x/beaglebone/platform/Debug/libplatform.a(dmtimer.o)
 .bss           0x00000000        0x0 ../../../../../..//binary/armv7a/gcc/am335x/beaglebone/platform/Debug/libplatform.a(dmtimer.o)
 .text.DMTimer3ModuleClkConfig
                0x00000000      0x264 ../../../../../..//binary/armv7a/gcc/am335x/beaglebone/platform/Debug/libplatform.a(dmtimer.o)
 .text.DMTimer4ModuleClkConfig
                0x00000000      0x26c ../../../../../..//binary/armv7a/gcc/am335x/beaglebone/platform/Debug/libplatform.a(dmtimer.o)
 .text.DMTimer6ModuleClkConfig
                0x00000000       0xc8 ../../../../../..//binary/armv7a/gcc/am335x/beaglebone/platform/Debug/libplatform.a(dmtimer.o)
 .text.DMTimer7ModuleClkConfig
                0x00000000      0x264 ../../../../../..//binary/armv7a/gcc/am335x/beaglebone/platform/Debug/libplatform.a(dmtimer.o)
 .text.DMTimer1msModuleClkConfig
                0x00000000       0xdc ../../../../../..//binary/armv7a/gcc/am335x/beaglebone/platform/Debug/libplatform.a(dmtimer.o)
 .text          0x00000000        0x0 ../../../../../..//binary/armv7a/gcc/am335x/beaglebone/platform/Debug/libplatform.a(uartConsole.o)
 .data          0x00000000        0x0 ../../../../../..//binary/armv7a/gcc/am335x/beaglebone/platform/Debug/libplatform.a(uartConsole.o)
 .bss           0x00000000        0x0 ../../../../../..//binary/armv7a/gcc/am335x/beaglebone/platform/Debug/libplatform.a(uartConsole.o)
 .text.UARTConsoleGetc
                0x00000000       0x2c ../../../../../..//binary/armv7a/gcc/am335x/beaglebone/platform/Debug/libplatform.a(uartConsole.o)
 .text          0x00000000        0x0 ../../../../../..//binary/armv7a/gcc/am335x/beaglebone/platform/Debug/libplatform.a(uart.o)
 .data          0x00000000        0x0 ../../../../../..//binary/armv7a/gcc/am335x/beaglebone/platform/Debug/libplatform.a(uart.o)
 .bss           0x00000000        0x0 ../../../../../..//binary/armv7a/gcc/am335x/beaglebone/platform/Debug/libplatform.a(uart.o)
 .data          0x00000000        0x0 ../../../../../..//binary/armv7a/gcc/am335x/system_config/Debug/libsystem_config.a(init.o)
 .bss           0x00000000        0x0 ../../../../../..//binary/armv7a/gcc/am335x/system_config/Debug/libsystem_config.a(init.o)
 .text          0x00000000        0x0 ../../../../../..//binary/armv7a/gcc/am335x/system_config/Debug/libsystem_config.a(startup.o)
 .data          0x00000000        0x0 ../../../../../..//binary/armv7a/gcc/am335x/system_config/Debug/libsystem_config.a(startup.o)
 .bss           0x00000000        0x0 ../../../../../..//binary/armv7a/gcc/am335x/system_config/Debug/libsystem_config.a(startup.o)
 .rodata.AM335X_VECTOR_BASE
                0x00000000        0x4 ../../../../../..//binary/armv7a/gcc/am335x/system_config/Debug/libsystem_config.a(startup.o)
 .data          0x00000000        0x0 ../../../../../..//binary/armv7a/gcc/am335x/system_config/Debug/libsystem_config.a(cp15.o)
 .bss           0x00000000        0x0 ../../../../../..//binary/armv7a/gcc/am335x/system_config/Debug/libsystem_config.a(cp15.o)
 .data          0x00000000        0x0 ../../../../../..//binary/armv7a/gcc/am335x/system_config/Debug/libsystem_config.a(exceptionhandler.o)
 .bss           0x00000000        0x0 ../../../../../..//binary/armv7a/gcc/am335x/system_config/Debug/libsystem_config.a(exceptionhandler.o)
 .text          0x00000000        0x0 ../../../../../..//binary/armv7a/gcc/am335x/system_config/Debug/libsystem_config.a(interrupt.o)
 .data          0x00000000        0x0 ../../../../../..//binary/armv7a/gcc/am335x/system_config/Debug/libsystem_config.a(interrupt.o)
 .bss           0x00000000        0x0 ../../../../../..//binary/armv7a/gcc/am335x/system_config/Debug/libsystem_config.a(interrupt.o)
 .text.IntDefaultHandler
                0x00000000       0x18 ../../../../../..//binary/armv7a/gcc/am335x/system_config/Debug/libsystem_config.a(interrupt.o)
 .text.IntRegister
                0x00000000       0x38 ../../../../../..//binary/armv7a/gcc/am335x/system_config/Debug/libsystem_config.a(interrupt.o)
 .text.IntUnRegister
                0x00000000       0x38 ../../../../../..//binary/armv7a/gcc/am335x/system_config/Debug/libsystem_config.a(interrupt.o)
 .text.IntAINTCInit
                0x00000000       0x94 ../../../../../..//binary/armv7a/gcc/am335x/system_config/Debug/libsystem_config.a(interrupt.o)
 .text.IntPrioritySet
                0x00000000       0x58 ../../../../../..//binary/armv7a/gcc/am335x/system_config/Debug/libsystem_config.a(interrupt.o)
 .text.IntSystemEnable
                0x00000000       0x54 ../../../../../..//binary/armv7a/gcc/am335x/system_config/Debug/libsystem_config.a(interrupt.o)
 .text.IntSystemDisable
                0x00000000       0x54 ../../../../../..//binary/armv7a/gcc/am335x/system_config/Debug/libsystem_config.a(interrupt.o)
 .text.IntIfClkFreeRunSet
                0x00000000       0x34 ../../../../../..//binary/armv7a/gcc/am335x/system_config/Debug/libsystem_config.a(interrupt.o)
 .text.IntIfClkAutoGateSet
                0x00000000       0x34 ../../../../../..//binary/armv7a/gcc/am335x/system_config/Debug/libsystem_config.a(interrupt.o)
 .text.IntActiveIrqNumGet
                0x00000000       0x28 ../../../../../..//binary/armv7a/gcc/am335x/system_config/Debug/libsystem_config.a(interrupt.o)
 .text.IntSpurIrqFlagGet
                0x00000000       0x2c ../../../../../..//binary/armv7a/gcc/am335x/system_config/Debug/libsystem_config.a(interrupt.o)
 .text.IntProtectionEnable
                0x00000000       0x28 ../../../../../..//binary/armv7a/gcc/am335x/system_config/Debug/libsystem_config.a(interrupt.o)
 .text.IntProtectionDisable
                0x00000000       0x34 ../../../../../..//binary/armv7a/gcc/am335x/system_config/Debug/libsystem_config.a(interrupt.o)
 .text.IntSyncClkFreeRunSet
                0x00000000       0x34 ../../../../../..//binary/armv7a/gcc/am335x/system_config/Debug/libsystem_config.a(interrupt.o)
 .text.IntSyncClkAutoGateSet
                0x00000000       0x34 ../../../../../..//binary/armv7a/gcc/am335x/system_config/Debug/libsystem_config.a(interrupt.o)
 .text.IntFuncClkFreeRunSet
                0x00000000       0x34 ../../../../../..//binary/armv7a/gcc/am335x/system_config/Debug/libsystem_config.a(interrupt.o)
 .text.IntFuncClkAutoGateSet
                0x00000000       0x34 ../../../../../..//binary/armv7a/gcc/am335x/system_config/Debug/libsystem_config.a(interrupt.o)
 .text.IntCurrIrqPriorityGet
                0x00000000       0x28 ../../../../../..//binary/armv7a/gcc/am335x/system_config/Debug/libsystem_config.a(interrupt.o)
 .text.IntPriorityThresholdGet
                0x00000000       0x28 ../../../../../..//binary/armv7a/gcc/am335x/system_config/Debug/libsystem_config.a(interrupt.o)
 .text.IntPriorityThresholdSet
                0x00000000       0x34 ../../../../../..//binary/armv7a/gcc/am335x/system_config/Debug/libsystem_config.a(interrupt.o)
 .text.IntRawStatusGet
                0x00000000       0x5c ../../../../../..//binary/armv7a/gcc/am335x/system_config/Debug/libsystem_config.a(interrupt.o)
 .text.IntSoftwareIntSet
                0x00000000       0x50 ../../../../../..//binary/armv7a/gcc/am335x/system_config/Debug/libsystem_config.a(interrupt.o)
 .text.IntSoftwareIntClear
                0x00000000       0x50 ../../../../../..//binary/armv7a/gcc/am335x/system_config/Debug/libsystem_config.a(interrupt.o)
 .text.IntPendingIrqMaskedStatusGet
                0x00000000       0x58 ../../../../../..//binary/armv7a/gcc/am335x/system_config/Debug/libsystem_config.a(interrupt.o)
 .text.IntMasterIRQEnable
                0x00000000       0x1c ../../../../../..//binary/armv7a/gcc/am335x/system_config/Debug/libsystem_config.a(interrupt.o)
 .text.IntMasterIRQDisable
                0x00000000       0x1c ../../../../../..//binary/armv7a/gcc/am335x/system_config/Debug/libsystem_config.a(interrupt.o)
 .text.IntMasterFIQEnable
                0x00000000       0x1c ../../../../../..//binary/armv7a/gcc/am335x/system_config/Debug/libsystem_config.a(interrupt.o)
 .text.IntMasterFIQDisable
                0x00000000       0x1c ../../../../../..//binary/armv7a/gcc/am335x/system_config/Debug/libsystem_config.a(interrupt.o)
 .text.IntMasterStatusGet
                0x00000000       0x20 ../../../../../..//binary/armv7a/gcc/am335x/system_config/Debug/libsystem_config.a(interrupt.o)
 .text.IntDisable
                0x00000000       0x3c ../../../../../..//binary/armv7a/gcc/am335x/system_config/Debug/libsystem_config.a(interrupt.o)
 .text.IntEnable
                0x00000000       0x38 ../../../../../..//binary/armv7a/gcc/am335x/system_config/Debug/libsystem_config.a(interrupt.o)
 .text          0x00000000        0x0 ../../../../../..//binary/armv7a/gcc/am335x/system_config/Debug/libsystem_config.a(cpu.o)
 .data          0x00000000        0x0 ../../../../../..//binary/armv7a/gcc/am335x/system_config/Debug/libsystem_config.a(cpu.o)
 .bss           0x00000000        0x0 ../../../../../..//binary/armv7a/gcc/am335x/system_config/Debug/libsystem_config.a(cpu.o)
 .text.CPUSwitchToPrivilegedMode
                0x00000000       0x1c ../../../../../..//binary/armv7a/gcc/am335x/system_config/Debug/libsystem_config.a(cpu.o)
 .text.CPUSwitchToUserMode
                0x00000000       0x28 ../../../../../..//binary/armv7a/gcc/am335x/system_config/Debug/libsystem_config.a(cpu.o)
 .text.CPUAbortHandler
                0x00000000       0x18 ../../../../../..//binary/armv7a/gcc/am335x/system_config/Debug/libsystem_config.a(cpu.o)
 .text.CPUIntStatus
                0x00000000       0x2c ../../../../../..//binary/armv7a/gcc/am335x/system_config/Debug/libsystem_config.a(cpu.o)
 .text.CPUirqd  0x00000000       0x28 ../../../../../..//binary/armv7a/gcc/am335x/system_config/Debug/libsystem_config.a(cpu.o)
 .text.CPUirqe  0x00000000       0x28 ../../../../../..//binary/armv7a/gcc/am335x/system_config/Debug/libsystem_config.a(cpu.o)
 .text.CPUfiqd  0x00000000       0x28 ../../../../../..//binary/armv7a/gcc/am335x/system_config/Debug/libsystem_config.a(cpu.o)
 .text.CPUfiqe  0x00000000       0x28 ../../../../../..//binary/armv7a/gcc/am335x/system_config/Debug/libsystem_config.a(cpu.o)
 .debug_info    0x00000000       0xcc ../../../../../..//binary/armv7a/gcc/am335x/system_config/Debug/libsystem_config.a(cpu.o)
 .debug_abbrev  0x00000000       0x62 ../../../../../..//binary/armv7a/gcc/am335x/system_config/Debug/libsystem_config.a(cpu.o)
 .debug_aranges
                0x00000000       0x58 ../../../../../..//binary/armv7a/gcc/am335x/system_config/Debug/libsystem_config.a(cpu.o)
 .debug_ranges  0x00000000       0x48 ../../../../../..//binary/armv7a/gcc/am335x/system_config/Debug/libsystem_config.a(cpu.o)
 .debug_line    0x00000000       0xde ../../../../../..//binary/armv7a/gcc/am335x/system_config/Debug/libsystem_config.a(cpu.o)
 .debug_str     0x00000000      0x1ea ../../../../../..//binary/armv7a/gcc/am335x/system_config/Debug/libsystem_config.a(cpu.o)
 .comment       0x00000000       0x6f ../../../../../..//binary/armv7a/gcc/am335x/system_config/Debug/libsystem_config.a(cpu.o)
 .debug_frame   0x00000000      0x110 ../../../../../..//binary/armv7a/gcc/am335x/system_config/Debug/libsystem_config.a(cpu.o)
 .ARM.attributes
                0x00000000       0x3b ../../../../../..//binary/armv7a/gcc/am335x/system_config/Debug/libsystem_config.a(cpu.o)
 .data          0x00000000        0x0 /home/heldercs/UFC/disciplina_QXD0149/lab/toolchain/gcc-arm-none-eabi/lib/gcc/arm-none-eabi/5.4.1/libgcc.a(_udivsi3.o)
 .bss           0x00000000        0x0 /home/heldercs/UFC/disciplina_QXD0149/lab/toolchain/gcc-arm-none-eabi/lib/gcc/arm-none-eabi/5.4.1/libgcc.a(_udivsi3.o)
 .data          0x00000000        0x0 /home/heldercs/UFC/disciplina_QXD0149/lab/toolchain/gcc-arm-none-eabi/lib/gcc/arm-none-eabi/5.4.1/libgcc.a(_divsi3.o)
 .bss           0x00000000        0x0 /home/heldercs/UFC/disciplina_QXD0149/lab/toolchain/gcc-arm-none-eabi/lib/gcc/arm-none-eabi/5.4.1/libgcc.a(_divsi3.o)
 .data          0x00000000        0x0 /home/heldercs/UFC/disciplina_QXD0149/lab/toolchain/gcc-arm-none-eabi/lib/gcc/arm-none-eabi/5.4.1/libgcc.a(_dvmd_tls.o)
 .bss           0x00000000        0x0 /home/heldercs/UFC/disciplina_QXD0149/lab/toolchain/gcc-arm-none-eabi/lib/gcc/arm-none-eabi/5.4.1/libgcc.a(_dvmd_tls.o)
 .text          0x00000000        0x0 ../../../../../..//binary/armv7a/gcc/am335x/drivers/Debug/libdrivers.a(uart_irda_cir.o)
 .data          0x00000000        0x0 ../../../../../..//binary/armv7a/gcc/am335x/drivers/Debug/libdrivers.a(uart_irda_cir.o)
 .bss           0x00000000        0x0 ../../../../../..//binary/armv7a/gcc/am335x/drivers/Debug/libdrivers.a(uart_irda_cir.o)
 .text.UARTDivisorLatchEnable
                0x00000000       0x40 ../../../../../..//binary/armv7a/gcc/am335x/drivers/Debug/libdrivers.a(uart_irda_cir.o)
 .text.UARTRegConfModeRestore
                0x00000000       0x38 ../../../../../..//binary/armv7a/gcc/am335x/drivers/Debug/libdrivers.a(uart_irda_cir.o)
 .text.UARTParityModeSet
                0x00000000       0x6c ../../../../../..//binary/armv7a/gcc/am335x/drivers/Debug/libdrivers.a(uart_irda_cir.o)
 .text.UARTParityModeGet
                0x00000000       0x30 ../../../../../..//binary/armv7a/gcc/am335x/drivers/Debug/libdrivers.a(uart_irda_cir.o)
 .text.UARTDMAEnable
                0x00000000       0x90 ../../../../../..//binary/armv7a/gcc/am335x/drivers/Debug/libdrivers.a(uart_irda_cir.o)
 .text.UARTDMADisable
                0x00000000       0x60 ../../../../../..//binary/armv7a/gcc/am335x/drivers/Debug/libdrivers.a(uart_irda_cir.o)
 .text.UARTSubConfigMSRSPRModeEn
                0x00000000      0x138 ../../../../../..//binary/armv7a/gcc/am335x/drivers/Debug/libdrivers.a(uart_irda_cir.o)
 .text.UARTSubConfigXOFFModeEn
                0x00000000      0x138 ../../../../../..//binary/armv7a/gcc/am335x/drivers/Debug/libdrivers.a(uart_irda_cir.o)
 .text.UARTIntEnable
                0x00000000      0x14c ../../../../../..//binary/armv7a/gcc/am335x/drivers/Debug/libdrivers.a(uart_irda_cir.o)
 .text.UARTIntDisable
                0x00000000      0x128 ../../../../../..//binary/armv7a/gcc/am335x/drivers/Debug/libdrivers.a(uart_irda_cir.o)
 .text.UARTSpaceAvail
                0x00000000       0x7c ../../../../../..//binary/armv7a/gcc/am335x/drivers/Debug/libdrivers.a(uart_irda_cir.o)
 .text.UARTCharsAvail
                0x00000000       0x7c ../../../../../..//binary/armv7a/gcc/am335x/drivers/Debug/libdrivers.a(uart_irda_cir.o)
 .text.UARTCharPutNonBlocking
                0x00000000       0x90 ../../../../../..//binary/armv7a/gcc/am335x/drivers/Debug/libdrivers.a(uart_irda_cir.o)
 .text.UARTCharGetNonBlocking
                0x00000000       0x80 ../../../../../..//binary/armv7a/gcc/am335x/drivers/Debug/libdrivers.a(uart_irda_cir.o)
 .text.UARTCharGet
                0x00000000       0x84 ../../../../../..//binary/armv7a/gcc/am335x/drivers/Debug/libdrivers.a(uart_irda_cir.o)
 .text.UARTCharGetTimeout
                0x00000000       0xb0 ../../../../../..//binary/armv7a/gcc/am335x/drivers/Debug/libdrivers.a(uart_irda_cir.o)
 .text.UARTFIFOCharPut
                0x00000000       0x34 ../../../../../..//binary/armv7a/gcc/am335x/drivers/Debug/libdrivers.a(uart_irda_cir.o)
 .text.UARTFIFOCharGet
                0x00000000       0x2c ../../../../../..//binary/armv7a/gcc/am335x/drivers/Debug/libdrivers.a(uart_irda_cir.o)
 .text.UARTFIFOWrite
                0x00000000       0x74 ../../../../../..//binary/armv7a/gcc/am335x/drivers/Debug/libdrivers.a(uart_irda_cir.o)
 .text.UARTRxErrorGet
                0x00000000       0x70 ../../../../../..//binary/armv7a/gcc/am335x/drivers/Debug/libdrivers.a(uart_irda_cir.o)
 .text.UARTIntIdentityGet
                0x00000000       0x70 ../../../../../..//binary/armv7a/gcc/am335x/drivers/Debug/libdrivers.a(uart_irda_cir.o)
 .text.UARTIntPendingStatusGet
                0x00000000       0x7c ../../../../../..//binary/armv7a/gcc/am335x/drivers/Debug/libdrivers.a(uart_irda_cir.o)
 .text.UARTFIFOEnableStatusGet
                0x00000000       0x7c ../../../../../..//binary/armv7a/gcc/am335x/drivers/Debug/libdrivers.a(uart_irda_cir.o)
 .text.UARTAutoRTSAutoCTSControl
                0x00000000       0xc8 ../../../../../..//binary/armv7a/gcc/am335x/drivers/Debug/libdrivers.a(uart_irda_cir.o)
 .text.UARTSpecialCharDetectControl
                0x00000000       0x9c ../../../../../..//binary/armv7a/gcc/am335x/drivers/Debug/libdrivers.a(uart_irda_cir.o)
 .text.UARTSoftwareFlowCtrlOptSet
                0x00000000       0x9c ../../../../../..//binary/armv7a/gcc/am335x/drivers/Debug/libdrivers.a(uart_irda_cir.o)
 .text.UARTPulseShapingControl
                0x00000000       0x6c ../../../../../..//binary/armv7a/gcc/am335x/drivers/Debug/libdrivers.a(uart_irda_cir.o)
 .text.UARTIdleModeConfigure
                0x00000000       0x6c ../../../../../..//binary/armv7a/gcc/am335x/drivers/Debug/libdrivers.a(uart_irda_cir.o)
 .text.UARTWakeUpControl
                0x00000000       0x6c ../../../../../..//binary/armv7a/gcc/am335x/drivers/Debug/libdrivers.a(uart_irda_cir.o)
 .text.UARTAutoIdleModeControl
                0x00000000       0x6c ../../../../../..//binary/armv7a/gcc/am335x/drivers/Debug/libdrivers.a(uart_irda_cir.o)
 .text.UARTFlowCtrlTrigLvlConfig
                0x00000000       0x68 ../../../../../..//binary/armv7a/gcc/am335x/drivers/Debug/libdrivers.a(uart_irda_cir.o)
 .text.UARTXON1XOFF1ValProgram
                0x00000000       0x58 ../../../../../..//binary/armv7a/gcc/am335x/drivers/Debug/libdrivers.a(uart_irda_cir.o)
 .text.UARTXON2XOFF2ValProgram
                0x00000000       0x58 ../../../../../..//binary/armv7a/gcc/am335x/drivers/Debug/libdrivers.a(uart_irda_cir.o)
 .text.UARTXONAnyFeatureControl
                0x00000000      0x11c ../../../../../..//binary/armv7a/gcc/am335x/drivers/Debug/libdrivers.a(uart_irda_cir.o)
 .text.UARTLoopbackModeControl
                0x00000000       0x6c ../../../../../..//binary/armv7a/gcc/am335x/drivers/Debug/libdrivers.a(uart_irda_cir.o)
 .text.UARTModemControlSet
                0x00000000       0x4c ../../../../../..//binary/armv7a/gcc/am335x/drivers/Debug/libdrivers.a(uart_irda_cir.o)
 .text.UARTModemControlClear
                0x00000000       0x50 ../../../../../..//binary/armv7a/gcc/am335x/drivers/Debug/libdrivers.a(uart_irda_cir.o)
 .text.UARTModemStatusGet
                0x00000000       0x30 ../../../../../..//binary/armv7a/gcc/am335x/drivers/Debug/libdrivers.a(uart_irda_cir.o)
 .text.UARTModemStatusChangeCheck
                0x00000000       0x30 ../../../../../..//binary/armv7a/gcc/am335x/drivers/Debug/libdrivers.a(uart_irda_cir.o)
 .text.UARTResumeOperation
                0x00000000       0x2c ../../../../../..//binary/armv7a/gcc/am335x/drivers/Debug/libdrivers.a(uart_irda_cir.o)
 .text.UARTWakeUpEventsEnable
                0x00000000       0x4c ../../../../../..//binary/armv7a/gcc/am335x/drivers/Debug/libdrivers.a(uart_irda_cir.o)
 .text.UARTWakeUpEventsDisable
                0x00000000       0x50 ../../../../../..//binary/armv7a/gcc/am335x/drivers/Debug/libdrivers.a(uart_irda_cir.o)
 .text.UARTFIFOTrigLvlGranControl
                0x00000000       0x98 ../../../../../..//binary/armv7a/gcc/am335x/drivers/Debug/libdrivers.a(uart_irda_cir.o)
 .text.UARTDSRInterruptControl
                0x00000000       0x6c ../../../../../..//binary/armv7a/gcc/am335x/drivers/Debug/libdrivers.a(uart_irda_cir.o)
 .text.UARTTxEmptyIntControl
                0x00000000       0x6c ../../../../../..//binary/armv7a/gcc/am335x/drivers/Debug/libdrivers.a(uart_irda_cir.o)
 .text.UARTRXCTSDSRWakeUpConfigure
                0x00000000       0x6c ../../../../../..//binary/armv7a/gcc/am335x/drivers/Debug/libdrivers.a(uart_irda_cir.o)
 .text.UARTRXCTSDSRTransitionStatusGet
                0x00000000       0x30 ../../../../../..//binary/armv7a/gcc/am335x/drivers/Debug/libdrivers.a(uart_irda_cir.o)
 .text.UARTDMACounterResetControl
                0x00000000       0x6c ../../../../../..//binary/armv7a/gcc/am335x/drivers/Debug/libdrivers.a(uart_irda_cir.o)
 .text.UARTTxFIFOFullStatusGet
                0x00000000       0x30 ../../../../../..//binary/armv7a/gcc/am335x/drivers/Debug/libdrivers.a(uart_irda_cir.o)
 .text.UARTTxFIFOLevelGet
                0x00000000       0x2c ../../../../../..//binary/armv7a/gcc/am335x/drivers/Debug/libdrivers.a(uart_irda_cir.o)
 .text.UARTRxFIFOLevelGet
                0x00000000       0x2c ../../../../../..//binary/armv7a/gcc/am335x/drivers/Debug/libdrivers.a(uart_irda_cir.o)
 .text.UARTAutobaudParityGet
                0x00000000       0x70 ../../../../../..//binary/armv7a/gcc/am335x/drivers/Debug/libdrivers.a(uart_irda_cir.o)
 .text.UARTAutobaudWordLenGet
                0x00000000       0x70 ../../../../../..//binary/armv7a/gcc/am335x/drivers/Debug/libdrivers.a(uart_irda_cir.o)
 .text.UARTAutobaudSpeedGet
                0x00000000       0x70 ../../../../../..//binary/armv7a/gcc/am335x/drivers/Debug/libdrivers.a(uart_irda_cir.o)
 .text.UARTScratchPadRegWrite
                0x00000000       0x6c ../../../../../..//binary/armv7a/gcc/am335x/drivers/Debug/libdrivers.a(uart_irda_cir.o)
 .text.UARTScratchPadRegRead
                0x00000000       0x30 ../../../../../..//binary/armv7a/gcc/am335x/drivers/Debug/libdrivers.a(uart_irda_cir.o)
 .text.UARTModuleVersionNumberGet
                0x00000000       0x30 ../../../../../..//binary/armv7a/gcc/am335x/drivers/Debug/libdrivers.a(uart_irda_cir.o)
 .text.UARTTxDMAThresholdControl
                0x00000000       0x6c ../../../../../..//binary/armv7a/gcc/am335x/drivers/Debug/libdrivers.a(uart_irda_cir.o)
 .text.UARTTxDMAThresholdValConfig
                0x00000000       0x6c ../../../../../..//binary/armv7a/gcc/am335x/drivers/Debug/libdrivers.a(uart_irda_cir.o)

Memory Configuration

Name             Origin             Length             Attributes
DDR0             0x80000000         0x10000000
*default*        0x00000000         0xffffffff

Linker script and memory map

LOAD Debug/dmtimerCounter.o
LOAD ../../../../../..//binary/armv7a/gcc/am335x/drivers/Debug/libdrivers.a
LOAD ../../../../../..//binary/armv7a/gcc/utils/Debug/libutils.a
LOAD ../../../../../..//binary/armv7a/gcc/am335x/beaglebone/platform/Debug/libplatform.a
LOAD ../../../../../..//binary/armv7a/gcc/am335x/system_config/Debug/libsystem_config.a
LOAD /home/heldercs/UFC/disciplina_QXD0149/lab/toolchain/gcc-arm-none-eabi/arm-none-eabi/lib//libc.a
LOAD /home/heldercs/UFC/disciplina_QXD0149/lab/toolchain/gcc-arm-none-eabi/lib/gcc/arm-none-eabi/5.4.1/libgcc.a
LOAD ../../../../../..//binary/armv7a/gcc/am335x/drivers/Debug/libdrivers.a
LOAD ../../../../../..//binary/armv7a/gcc/utils/Debug/libutils.a
LOAD ../../../../../..//binary/armv7a/gcc/am335x/beaglebone/platform/Debug/libplatform.a
LOAD ../../../../../..//binary/armv7a/gcc/am335x/system_config/Debug/libsystem_config.a
LOAD /home/heldercs/UFC/disciplina_QXD0149/lab/toolchain/gcc-arm-none-eabi/arm-none-eabi/lib//libc.a
LOAD /home/heldercs/UFC/disciplina_QXD0149/lab/toolchain/gcc-arm-none-eabi/lib/gcc/arm-none-eabi/5.4.1/libgcc.a

.startcode      0x80000000       0xbc
                0x80000000                . = ALIGN (0x4)
 *init.o(.text)
 .text          0x80000000       0xbc ../../../../../..//binary/armv7a/gcc/am335x/system_config/Debug/libsystem_config.a(init.o)
                0x80000000                Entry

.text           0x800000bc     0x2fb0
                0x800000bc                . = ALIGN (0x4)
 *(.text*)
 .text.main     0x800000bc       0xf8 Debug/dmtimerCounter.o
                0x800000bc                main
 .text.DMTimerSetUp
                0x800001b4       0x3c Debug/dmtimerCounter.o
 .text.Delay    0x800001f0       0xa0 Debug/dmtimerCounter.o
 .text.DMTimerEnable
                0x80000290       0x78 ../../../../../..//binary/armv7a/gcc/am335x/drivers/Debug/libdrivers.a(dmtimer.o)
                0x80000290                DMTimerEnable
 .text.DMTimerDisable
                0x80000308       0x78 ../../../../../..//binary/armv7a/gcc/am335x/drivers/Debug/libdrivers.a(dmtimer.o)
                0x80000308                DMTimerDisable
 .text.DMTimerModeConfigure
                0x80000380       0xe0 ../../../../../..//binary/armv7a/gcc/am335x/drivers/Debug/libdrivers.a(dmtimer.o)
                0x80000380                DMTimerModeConfigure
 .text.DMTimerCounterSet
                0x80000460       0x70 ../../../../../..//binary/armv7a/gcc/am335x/drivers/Debug/libdrivers.a(dmtimer.o)
                0x80000460                DMTimerCounterSet
 .text.DMTimerCounterGet
                0x800004d0       0x64 ../../../../../..//binary/armv7a/gcc/am335x/drivers/Debug/libdrivers.a(dmtimer.o)
                0x800004d0                DMTimerCounterGet
 .text.DMTimerReset
                0x80000534       0x5c ../../../../../..//binary/armv7a/gcc/am335x/drivers/Debug/libdrivers.a(dmtimer.o)
                0x80000534                DMTimerReset
 .text.DMTimerWritePostedStatusGet
                0x80000590       0x2c ../../../../../..//binary/armv7a/gcc/am335x/drivers/Debug/libdrivers.a(dmtimer.o)
                0x80000590                DMTimerWritePostedStatusGet
 .text.ConsoleUtilsInit
                0x800005bc       0x1c ../../../../../..//binary/armv7a/gcc/utils/Debug/libutils.a(consoleUtils.o)
                0x800005bc                ConsoleUtilsInit
 .text.ConsoleUtilsSetType
                0x800005d8       0x58 ../../../../../..//binary/armv7a/gcc/utils/Debug/libutils.a(consoleUtils.o)
                0x800005d8                ConsoleUtilsSetType
 .text.ConsoleUtilsPrintf
                0x80000630       0x70 ../../../../../..//binary/armv7a/gcc/utils/Debug/libutils.a(consoleUtils.o)
                0x80000630                ConsoleUtilsPrintf
 .text.UARTStdioInit
                0x800006a0       0x1c ../../../../../..//binary/armv7a/gcc/utils/Debug/libutils.a(uartStdio.o)
                0x800006a0                UARTStdioInit
 .text.UARTPuts
                0x800006bc       0xe4 ../../../../../..//binary/armv7a/gcc/utils/Debug/libutils.a(uartStdio.o)
                0x800006bc                UARTPuts
 .text.UARTPutc
                0x800007a0       0x34 ../../../../../..//binary/armv7a/gcc/utils/Debug/libutils.a(uartStdio.o)
                0x800007a0                UARTPutc
 .text.UARTwrite
                0x800007d4       0x94 ../../../../../..//binary/armv7a/gcc/utils/Debug/libutils.a(uartStdio.o)
                0x800007d4                UARTwrite
 .text.UARTPrintf
                0x80000868      0x65c ../../../../../..//binary/armv7a/gcc/utils/Debug/libutils.a(uartStdio.o)
                0x80000868                UARTPrintf
 .text.DMTimer2ModuleClkConfig
                0x80000ec4      0x264 ../../../../../..//binary/armv7a/gcc/am335x/beaglebone/platform/Debug/libplatform.a(dmtimer.o)
                0x80000ec4                DMTimer2ModuleClkConfig
 .text.UARTStdioInitExpClk
                0x80001128       0xd4 ../../../../../..//binary/armv7a/gcc/am335x/beaglebone/platform/Debug/libplatform.a(uartConsole.o)
 .text.UartFIFOConfigure
                0x800011fc       0x68 ../../../../../..//binary/armv7a/gcc/am335x/beaglebone/platform/Debug/libplatform.a(uartConsole.o)
 .text.UartBaudRateSet
                0x80001264       0x60 ../../../../../..//binary/armv7a/gcc/am335x/beaglebone/platform/Debug/libplatform.a(uartConsole.o)
 .text.UARTConsoleInit
                0x800012c4       0x48 ../../../../../..//binary/armv7a/gcc/am335x/beaglebone/platform/Debug/libplatform.a(uartConsole.o)
                0x800012c4                UARTConsoleInit
 .text.UARTConsolePutc
                0x8000130c       0x3c ../../../../../..//binary/armv7a/gcc/am335x/beaglebone/platform/Debug/libplatform.a(uartConsole.o)
                0x8000130c                UARTConsolePutc
 .text.UARTPinMuxSetup
                0x80001348       0x4c ../../../../../..//binary/armv7a/gcc/am335x/beaglebone/platform/Debug/libplatform.a(uart.o)
                0x80001348                UARTPinMuxSetup
 .text.UART0ModuleClkConfig
                0x80001394      0x360 ../../../../../..//binary/armv7a/gcc/am335x/beaglebone/platform/Debug/libplatform.a(uart.o)
                0x80001394                UART0ModuleClkConfig
 .text.start_boot
                0x800016f4       0x24 ../../../../../..//binary/armv7a/gcc/am335x/system_config/Debug/libsystem_config.a(startup.o)
                0x800016f4                start_boot
 .text.CopyVectorTable
                0x80001718       0x94 ../../../../../..//binary/armv7a/gcc/am335x/system_config/Debug/libsystem_config.a(startup.o)
 .text          0x800017ac      0x488 ../../../../../..//binary/armv7a/gcc/am335x/system_config/Debug/libsystem_config.a(cp15.o)
                0x800017ac                CP15ICacheDisable
                0x800017c8                CP15DCacheDisable
                0x800017e4                CP15ICacheEnable
                0x800017f4                CP15DCacheEnable
                0x80001804                CP15DCacheFlush
                0x80001898                CP15DCacheClean
                0x8000192c                CP15DCacheCleanFlush
                0x800019c0                CP15ICacheFlush
                0x800019d0                CP15DCacheCleanBuff
                0x80001a24                CP15DCacheCleanFlushBuff
                0x80001a78                CP15DCacheFlushBuff
                0x80001adc                CP15ICacheFlushBuff
                0x80001b30                CP15Ttb0Set
                0x80001b3c                CP15TlbInvalidate
                0x80001b48                CP15MMUDisable
                0x80001b60                CP15MMUEnable
                0x80001b74                CP15VectorBaseAddrSet
                0x80001b80                CP15BranchPredictorInvalidate
                0x80001b8c                CP15BranchPredictionEnable
                0x80001b9c                CP15BranchPredictionDisable
                0x80001bac                CP15DomainAccessClientSet
                0x80001bbc                CP15ControlFeatureDisable
                0x80001bd0                CP15ControlFeatureEnable
                0x80001be4                CP15TtbCtlTtb0Config
                0x80001bf4                CP15AuxControlFeatureEnable
                0x80001c08                CP15AuxControlFeatureDisable
                0x80001c1c                CP15MainIdPrimPartNumGet
 .text          0x80001c34       0xf0 ../../../../../..//binary/armv7a/gcc/am335x/system_config/Debug/libsystem_config.a(exceptionhandler.o)
                0x80001c34                SVC_Handler
                0x80001c5c                IRQHandler
                0x80001d08                FIQHandler
                0x80001d0c                UndefInstHandler
                0x80001d0c                AbortHandler
 .text          0x80001d24      0x114 /home/heldercs/UFC/disciplina_QXD0149/lab/toolchain/gcc-arm-none-eabi/lib/gcc/arm-none-eabi/5.4.1/libgcc.a(_udivsi3.o)
                0x80001d24                __udivsi3
                0x80001d24                __aeabi_uidiv
                0x80001e18                __aeabi_uidivmod
 .text          0x80001e38      0x148 /home/heldercs/UFC/disciplina_QXD0149/lab/toolchain/gcc-arm-none-eabi/lib/gcc/arm-none-eabi/5.4.1/libgcc.a(_divsi3.o)
                0x80001e38                __aeabi_idiv
                0x80001e38                __divsi3
                0x80001f60                __aeabi_idivmod
 .text          0x80001f80        0x4 /home/heldercs/UFC/disciplina_QXD0149/lab/toolchain/gcc-arm-none-eabi/lib/gcc/arm-none-eabi/5.4.1/libgcc.a(_dvmd_tls.o)
                0x80001f80                __aeabi_ldiv0
                0x80001f80                __aeabi_idiv0
 .text.UARTOperatingModeSelect
                0x80001f84       0x8c ../../../../../..//binary/armv7a/gcc/am335x/drivers/Debug/libdrivers.a(uart_irda_cir.o)
                0x80001f84                UARTOperatingModeSelect
 .text.UARTDivisorValCompute
                0x80002010       0xf8 ../../../../../..//binary/armv7a/gcc/am335x/drivers/Debug/libdrivers.a(uart_irda_cir.o)
                0x80002010                UARTDivisorValCompute
 .text.UARTDivisorLatchWrite
                0x80002108      0x22c ../../../../../..//binary/armv7a/gcc/am335x/drivers/Debug/libdrivers.a(uart_irda_cir.o)
                0x80002108                UARTDivisorLatchWrite
 .text.UARTDivisorLatchDisable
                0x80002334       0x40 ../../../../../..//binary/armv7a/gcc/am335x/drivers/Debug/libdrivers.a(uart_irda_cir.o)
                0x80002334                UARTDivisorLatchDisable
 .text.UARTRegConfigModeEnable
                0x80002374       0xa0 ../../../../../..//binary/armv7a/gcc/am335x/drivers/Debug/libdrivers.a(uart_irda_cir.o)
                0x80002374                UARTRegConfigModeEnable
 .text.UARTBreakCtl
                0x80002414       0x6c ../../../../../..//binary/armv7a/gcc/am335x/drivers/Debug/libdrivers.a(uart_irda_cir.o)
                0x80002414                UARTBreakCtl
 .text.UARTLineCharacConfig
                0x80002480       0xb8 ../../../../../..//binary/armv7a/gcc/am335x/drivers/Debug/libdrivers.a(uart_irda_cir.o)
                0x80002480                UARTLineCharacConfig
 .text.UARTFIFOConfig
                0x80002538      0x4b8 ../../../../../..//binary/armv7a/gcc/am335x/drivers/Debug/libdrivers.a(uart_irda_cir.o)
                0x80002538                UARTFIFOConfig
 .text.UARTFIFORegisterWrite
                0x800029f0       0xcc ../../../../../..//binary/armv7a/gcc/am335x/drivers/Debug/libdrivers.a(uart_irda_cir.o)
                0x800029f0                UARTFIFORegisterWrite
 .text.UARTEnhanFuncEnable
                0x80002abc       0x90 ../../../../../..//binary/armv7a/gcc/am335x/drivers/Debug/libdrivers.a(uart_irda_cir.o)
                0x80002abc                UARTEnhanFuncEnable
 .text.UARTEnhanFuncBitValRestore
                0x80002b4c       0x9c ../../../../../..//binary/armv7a/gcc/am335x/drivers/Debug/libdrivers.a(uart_irda_cir.o)
                0x80002b4c                UARTEnhanFuncBitValRestore
 .text.UARTSubConfigTCRTLRModeEn
                0x80002be8      0x138 ../../../../../..//binary/armv7a/gcc/am335x/drivers/Debug/libdrivers.a(uart_irda_cir.o)
                0x80002be8                UARTSubConfigTCRTLRModeEn
 .text.UARTTCRTLRBitValRestore
                0x80002d20      0x144 ../../../../../..//binary/armv7a/gcc/am335x/drivers/Debug/libdrivers.a(uart_irda_cir.o)
                0x80002d20                UARTTCRTLRBitValRestore
 .text.UARTCharPut
                0x80002e64       0x80 ../../../../../..//binary/armv7a/gcc/am335x/drivers/Debug/libdrivers.a(uart_irda_cir.o)
                0x80002e64                UARTCharPut
 .text.UARTModuleReset
                0x80002ee4       0x5c ../../../../../..//binary/armv7a/gcc/am335x/drivers/Debug/libdrivers.a(uart_irda_cir.o)
                0x80002ee4                UARTModuleReset
 *(.rodata*)
 .rodata        0x80002f40       0x43 Debug/dmtimerCounter.o
 *fill*         0x80002f83        0x1 
 .rodata        0x80002f84       0x50 ../../../../../..//binary/armv7a/gcc/utils/Debug/libutils.a(consoleUtils.o)
 .rodata        0x80002fd4       0x60 ../../../../../..//binary/armv7a/gcc/utils/Debug/libutils.a(uartStdio.o)
 .rodata.vecTbl
                0x80003034       0x38 ../../../../../..//binary/armv7a/gcc/am335x/system_config/Debug/libsystem_config.a(startup.o)

.glue_7         0x8000306c        0x0
 .glue_7        0x8000306c        0x0 linker stubs

.glue_7t        0x8000306c        0x0
 .glue_7t       0x8000306c        0x0 linker stubs

.vfp11_veneer   0x8000306c        0x0
 .vfp11_veneer  0x8000306c        0x0 linker stubs

.v4_bx          0x8000306c        0x0
 .v4_bx         0x8000306c        0x0 linker stubs

.iplt           0x8000306c        0x0
 .iplt          0x8000306c        0x0 Debug/dmtimerCounter.o

.rel.dyn        0x8000306c        0x0
 .rel.iplt      0x8000306c        0x0 Debug/dmtimerCounter.o

.data           0x8000306c        0x4
                0x8000306c                . = ALIGN (0x4)
 *(.data*)
 .data.cntValue
                0x8000306c        0x4 Debug/dmtimerCounter.o

.igot.plt       0x80003070        0x0
 .igot.plt      0x80003070        0x0 Debug/dmtimerCounter.o

.bss            0x80003070      0x204
                0x80003070                . = ALIGN (0x4)
                0x80003070                _bss_start = .
 *(.bss*)
 .bss.ConsoleType
                0x80003070        0x1 ../../../../../..//binary/armv7a/gcc/utils/Debug/libutils.a(consoleUtils.o)
 *(COMMON)
 *fill*         0x80003071        0x3 
 COMMON         0x80003074      0x200 ../../../../../..//binary/armv7a/gcc/am335x/system_config/Debug/libsystem_config.a(interrupt.o)
                0x80003074                fnRAMVectors
                0x80003274                _bss_end = .

.heap           0x80003274      0x800
                0x80003274                . = ALIGN (0x4)
                0x80003274                __end__ = .
                0x80003274                end = __end__
                0x80003274                __HeapBase = __end__
 *(.heap*)
                0x80003a74                . = (. + 0x800)
 *fill*         0x80003274      0x800 
                0x80003a74                __HeapLimit = .

.stack          0x80003a74  0x7fffff8
                0x80003a74                . = ALIGN (0x4)
                0x80003a74                __StackLimit = .
 *(.stack*)
                0x88003a6c                . = (. + 0x7fffff8)
 *fill*         0x80003a74  0x7fffff8 
                0x88003a6c                __StackTop = .
                0x88003a6c                _stack = __StackTop
OUTPUT(Debug/dmtimerCounter.out elf32-littlearm)

.debug_info     0x00000000     0x2b4f
 .debug_info    0x00000000       0xd8 Debug/dmtimerCounter.o
 .debug_info    0x000000d8      0x540 ../../../../../..//binary/armv7a/gcc/am335x/drivers/Debug/libdrivers.a(dmtimer.o)
 .debug_info    0x00000618      0x277 ../../../../../..//binary/armv7a/gcc/utils/Debug/libutils.a(consoleUtils.o)
 .debug_info    0x0000088f      0x64e ../../../../../..//binary/armv7a/gcc/utils/Debug/libutils.a(uartStdio.o)
 .debug_info    0x00000edd       0xb1 ../../../../../..//binary/armv7a/gcc/am335x/beaglebone/platform/Debug/libplatform.a(dmtimer.o)
 .debug_info    0x00000f8e      0x137 ../../../../../..//binary/armv7a/gcc/am335x/beaglebone/platform/Debug/libplatform.a(uartConsole.o)
 .debug_info    0x000010c5       0x70 ../../../../../..//binary/armv7a/gcc/am335x/beaglebone/platform/Debug/libplatform.a(uart.o)
 .debug_info    0x00001135       0xbb ../../../../../..//binary/armv7a/gcc/am335x/system_config/Debug/libsystem_config.a(init.o)
 .debug_info    0x000011f0       0xd2 ../../../../../..//binary/armv7a/gcc/am335x/system_config/Debug/libsystem_config.a(startup.o)
 .debug_info    0x000012c2       0xbb ../../../../../..//binary/armv7a/gcc/am335x/system_config/Debug/libsystem_config.a(cp15.o)
 .debug_info    0x0000137d       0xce ../../../../../..//binary/armv7a/gcc/am335x/system_config/Debug/libsystem_config.a(exceptionhandler.o)
 .debug_info    0x0000144b      0x3cf ../../../../../..//binary/armv7a/gcc/am335x/system_config/Debug/libsystem_config.a(interrupt.o)
 .debug_info    0x0000181a     0x1335 ../../../../../..//binary/armv7a/gcc/am335x/drivers/Debug/libdrivers.a(uart_irda_cir.o)

.debug_abbrev   0x00000000      0xa10
 .debug_abbrev  0x00000000       0xb3 Debug/dmtimerCounter.o
 .debug_abbrev  0x000000b3      0x120 ../../../../../..//binary/armv7a/gcc/am335x/drivers/Debug/libdrivers.a(dmtimer.o)
 .debug_abbrev  0x000001d3      0x156 ../../../../../..//binary/armv7a/gcc/utils/Debug/libutils.a(consoleUtils.o)
 .debug_abbrev  0x00000329      0x184 ../../../../../..//binary/armv7a/gcc/utils/Debug/libutils.a(uartStdio.o)
 .debug_abbrev  0x000004ad       0x78 ../../../../../..//binary/armv7a/gcc/am335x/beaglebone/platform/Debug/libplatform.a(dmtimer.o)
 .debug_abbrev  0x00000525       0xa1 ../../../../../..//binary/armv7a/gcc/am335x/beaglebone/platform/Debug/libplatform.a(uartConsole.o)
 .debug_abbrev  0x000005c6       0x60 ../../../../../..//binary/armv7a/gcc/am335x/beaglebone/platform/Debug/libplatform.a(uart.o)
 .debug_abbrev  0x00000626       0x14 ../../../../../..//binary/armv7a/gcc/am335x/system_config/Debug/libsystem_config.a(init.o)
 .debug_abbrev  0x0000063a       0xa2 ../../../../../..//binary/armv7a/gcc/am335x/system_config/Debug/libsystem_config.a(startup.o)
 .debug_abbrev  0x000006dc       0x14 ../../../../../..//binary/armv7a/gcc/am335x/system_config/Debug/libsystem_config.a(cp15.o)
 .debug_abbrev  0x000006f0       0x14 ../../../../../..//binary/armv7a/gcc/am335x/system_config/Debug/libsystem_config.a(exceptionhandler.o)
 .debug_abbrev  0x00000704      0x1c0 ../../../../../..//binary/armv7a/gcc/am335x/system_config/Debug/libsystem_config.a(interrupt.o)
 .debug_abbrev  0x000008c4      0x14c ../../../../../..//binary/armv7a/gcc/am335x/drivers/Debug/libdrivers.a(uart_irda_cir.o)

.debug_aranges  0x00000000      0x6b0
 .debug_aranges
                0x00000000       0x30 Debug/dmtimerCounter.o
 .debug_aranges
                0x00000030       0xe8 ../../../../../..//binary/armv7a/gcc/am335x/drivers/Debug/libdrivers.a(dmtimer.o)
 .debug_aranges
                0x00000118       0x58 ../../../../../..//binary/armv7a/gcc/utils/Debug/libutils.a(consoleUtils.o)
 .debug_aranges
                0x00000170       0x88 ../../../../../..//binary/armv7a/gcc/utils/Debug/libutils.a(uartStdio.o)
 .debug_aranges
                0x000001f8       0x48 ../../../../../..//binary/armv7a/gcc/am335x/beaglebone/platform/Debug/libplatform.a(dmtimer.o)
 .debug_aranges
                0x00000240       0x48 ../../../../../..//binary/armv7a/gcc/am335x/beaglebone/platform/Debug/libplatform.a(uartConsole.o)
 .debug_aranges
                0x00000288       0x28 ../../../../../..//binary/armv7a/gcc/am335x/beaglebone/platform/Debug/libplatform.a(uart.o)
 .debug_aranges
                0x000002b0       0x20 ../../../../../..//binary/armv7a/gcc/am335x/system_config/Debug/libsystem_config.a(init.o)
 .debug_aranges
                0x000002d0       0x28 ../../../../../..//binary/armv7a/gcc/am335x/system_config/Debug/libsystem_config.a(startup.o)
 .debug_aranges
                0x000002f8       0x20 ../../../../../..//binary/armv7a/gcc/am335x/system_config/Debug/libsystem_config.a(cp15.o)
 .debug_aranges
                0x00000318       0x20 ../../../../../..//binary/armv7a/gcc/am335x/system_config/Debug/libsystem_config.a(exceptionhandler.o)
 .debug_aranges
                0x00000338      0x110 ../../../../../..//binary/armv7a/gcc/am335x/system_config/Debug/libsystem_config.a(interrupt.o)
 .debug_aranges
                0x00000448      0x268 ../../../../../..//binary/armv7a/gcc/am335x/drivers/Debug/libdrivers.a(uart_irda_cir.o)

.debug_ranges   0x00000000      0x5b0
 .debug_ranges  0x00000000       0x20 Debug/dmtimerCounter.o
 .debug_ranges  0x00000020       0xd8 ../../../../../..//binary/armv7a/gcc/am335x/drivers/Debug/libdrivers.a(dmtimer.o)
 .debug_ranges  0x000000f8       0x48 ../../../../../..//binary/armv7a/gcc/utils/Debug/libutils.a(consoleUtils.o)
 .debug_ranges  0x00000140       0x78 ../../../../../..//binary/armv7a/gcc/utils/Debug/libutils.a(uartStdio.o)
 .debug_ranges  0x000001b8       0x38 ../../../../../..//binary/armv7a/gcc/am335x/beaglebone/platform/Debug/libplatform.a(dmtimer.o)
 .debug_ranges  0x000001f0       0x38 ../../../../../..//binary/armv7a/gcc/am335x/beaglebone/platform/Debug/libplatform.a(uartConsole.o)
 .debug_ranges  0x00000228       0x18 ../../../../../..//binary/armv7a/gcc/am335x/beaglebone/platform/Debug/libplatform.a(uart.o)
 .debug_ranges  0x00000240       0x18 ../../../../../..//binary/armv7a/gcc/am335x/system_config/Debug/libsystem_config.a(startup.o)
 .debug_ranges  0x00000258      0x100 ../../../../../..//binary/armv7a/gcc/am335x/system_config/Debug/libsystem_config.a(interrupt.o)
 .debug_ranges  0x00000358      0x258 ../../../../../..//binary/armv7a/gcc/am335x/drivers/Debug/libdrivers.a(uart_irda_cir.o)

.debug_line     0x00000000     0x1e93
 .debug_line    0x00000000       0xe6 Debug/dmtimerCounter.o
 .debug_line    0x000000e6      0x2f7 ../../../../../..//binary/armv7a/gcc/am335x/drivers/Debug/libdrivers.a(dmtimer.o)
 .debug_line    0x000003dd      0x217 ../../../../../..//binary/armv7a/gcc/utils/Debug/libutils.a(consoleUtils.o)
 .debug_line    0x000005f4      0x5e9 ../../../../../..//binary/armv7a/gcc/utils/Debug/libutils.a(uartStdio.o)
 .debug_line    0x00000bdd      0x304 ../../../../../..//binary/armv7a/gcc/am335x/beaglebone/platform/Debug/libplatform.a(dmtimer.o)
 .debug_line    0x00000ee1       0xd2 ../../../../../..//binary/armv7a/gcc/am335x/beaglebone/platform/Debug/libplatform.a(uartConsole.o)
 .debug_line    0x00000fb3      0x16a ../../../../../..//binary/armv7a/gcc/am335x/beaglebone/platform/Debug/libplatform.a(uart.o)
 .debug_line    0x0000111d       0x95 ../../../../../..//binary/armv7a/gcc/am335x/system_config/Debug/libsystem_config.a(init.o)
 .debug_line    0x000011b2       0x96 ../../../../../..//binary/armv7a/gcc/am335x/system_config/Debug/libsystem_config.a(startup.o)
 .debug_line    0x00001248      0x18a ../../../../../..//binary/armv7a/gcc/am335x/system_config/Debug/libsystem_config.a(cp15.o)
 .debug_line    0x000013d2       0xb9 ../../../../../..//binary/armv7a/gcc/am335x/system_config/Debug/libsystem_config.a(exceptionhandler.o)
 .debug_line    0x0000148b      0x2bd ../../../../../..//binary/armv7a/gcc/am335x/system_config/Debug/libsystem_config.a(interrupt.o)
 .debug_line    0x00001748      0x74b ../../../../../..//binary/armv7a/gcc/am335x/drivers/Debug/libdrivers.a(uart_irda_cir.o)

.debug_str      0x00000000     0x17ac
 .debug_str     0x00000000      0x1e3 Debug/dmtimerCounter.o
                                0x1f0 (size before relaxing)
 .debug_str     0x000001e3      0x31e ../../../../../..//binary/armv7a/gcc/am335x/drivers/Debug/libdrivers.a(dmtimer.o)
                                0x3f6 (size before relaxing)
 .debug_str     0x00000501      0x1c7 ../../../../../..//binary/armv7a/gcc/utils/Debug/libutils.a(consoleUtils.o)
                                0x31b (size before relaxing)
 .debug_str     0x000006c8      0x1ae ../../../../../..//binary/armv7a/gcc/utils/Debug/libutils.a(uartStdio.o)
                                0x32c (size before relaxing)
 .debug_str     0x00000876      0x136 ../../../../../..//binary/armv7a/gcc/am335x/beaglebone/platform/Debug/libplatform.a(dmtimer.o)
                                0x20e (size before relaxing)
 .debug_str     0x000009ac       0xd9 ../../../../../..//binary/armv7a/gcc/am335x/beaglebone/platform/Debug/libplatform.a(uartConsole.o)
                                0x223 (size before relaxing)
 .debug_str     0x00000a85       0x5f ../../../../../..//binary/armv7a/gcc/am335x/beaglebone/platform/Debug/libplatform.a(uart.o)
                                0x1a9 (size before relaxing)
 .debug_str     0x00000ae4      0x1ae ../../../../../..//binary/armv7a/gcc/am335x/system_config/Debug/libsystem_config.a(startup.o)
                                0x1d8 (size before relaxing)
 .debug_str     0x00000c92      0x29c ../../../../../..//binary/armv7a/gcc/am335x/system_config/Debug/libsystem_config.a(interrupt.o)
                                0x423 (size before relaxing)
 .debug_str     0x00000f2e      0x87e ../../../../../..//binary/armv7a/gcc/am335x/drivers/Debug/libdrivers.a(uart_irda_cir.o)
                                0x9ef (size before relaxing)

.comment        0x00000000       0x6e
 .comment       0x00000000       0x6e Debug/dmtimerCounter.o
                                 0x6f (size before relaxing)
 .comment       0x0000006e       0x6f ../../../../../..//binary/armv7a/gcc/am335x/drivers/Debug/libdrivers.a(dmtimer.o)
 .comment       0x0000006e       0x6f ../../../../../..//binary/armv7a/gcc/utils/Debug/libutils.a(consoleUtils.o)
 .comment       0x0000006e       0x6f ../../../../../..//binary/armv7a/gcc/utils/Debug/libutils.a(uartStdio.o)
 .comment       0x0000006e       0x6f ../../../../../..//binary/armv7a/gcc/am335x/beaglebone/platform/Debug/libplatform.a(dmtimer.o)
 .comment       0x0000006e       0x6f ../../../../../..//binary/armv7a/gcc/am335x/beaglebone/platform/Debug/libplatform.a(uartConsole.o)
 .comment       0x0000006e       0x6f ../../../../../..//binary/armv7a/gcc/am335x/beaglebone/platform/Debug/libplatform.a(uart.o)
 .comment       0x0000006e       0x6f ../../../../../..//binary/armv7a/gcc/am335x/system_config/Debug/libsystem_config.a(startup.o)
 .comment       0x0000006e       0x6f ../../../../../..//binary/armv7a/gcc/am335x/system_config/Debug/libsystem_config.a(interrupt.o)
 .comment       0x0000006e       0x6f ../../../../../..//binary/armv7a/gcc/am335x/drivers/Debug/libdrivers.a(uart_irda_cir.o)

.ARM.attributes
                0x00000000       0x39
 .ARM.attributes
                0x00000000       0x37 Debug/dmtimerCounter.o
 .ARM.attributes
                0x00000037       0x37 ../../../../../..//binary/armv7a/gcc/am335x/drivers/Debug/libdrivers.a(dmtimer.o)
 .ARM.attributes
                0x0000006e       0x37 ../../../../../..//binary/armv7a/gcc/utils/Debug/libutils.a(consoleUtils.o)
 .ARM.attributes
                0x000000a5       0x37 ../../../../../..//binary/armv7a/gcc/utils/Debug/libutils.a(uartStdio.o)
 .ARM.attributes
                0x000000dc       0x37 ../../../../../..//binary/armv7a/gcc/am335x/beaglebone/platform/Debug/libplatform.a(dmtimer.o)
 .ARM.attributes
                0x00000113       0x37 ../../../../../..//binary/armv7a/gcc/am335x/beaglebone/platform/Debug/libplatform.a(uartConsole.o)
 .ARM.attributes
                0x0000014a       0x37 ../../../../../..//binary/armv7a/gcc/am335x/beaglebone/platform/Debug/libplatform.a(uart.o)
 .ARM.attributes
                0x00000181       0x29 ../../../../../..//binary/armv7a/gcc/am335x/system_config/Debug/libsystem_config.a(init.o)
 .ARM.attributes
                0x000001aa       0x3b ../../../../../..//binary/armv7a/gcc/am335x/system_config/Debug/libsystem_config.a(startup.o)
 .ARM.attributes
                0x000001e5       0x29 ../../../../../..//binary/armv7a/gcc/am335x/system_config/Debug/libsystem_config.a(cp15.o)
 .ARM.attributes
                0x0000020e       0x29 ../../../../../..//binary/armv7a/gcc/am335x/system_config/Debug/libsystem_config.a(exceptionhandler.o)
 .ARM.attributes
                0x00000237       0x3b ../../../../../..//binary/armv7a/gcc/am335x/system_config/Debug/libsystem_config.a(interrupt.o)
 .ARM.attributes
                0x00000272       0x18 /home/heldercs/UFC/disciplina_QXD0149/lab/toolchain/gcc-arm-none-eabi/lib/gcc/arm-none-eabi/5.4.1/libgcc.a(_udivsi3.o)
 .ARM.attributes
                0x0000028a       0x18 /home/heldercs/UFC/disciplina_QXD0149/lab/toolchain/gcc-arm-none-eabi/lib/gcc/arm-none-eabi/5.4.1/libgcc.a(_divsi3.o)
 .ARM.attributes
                0x000002a2       0x18 /home/heldercs/UFC/disciplina_QXD0149/lab/toolchain/gcc-arm-none-eabi/lib/gcc/arm-none-eabi/5.4.1/libgcc.a(_dvmd_tls.o)
 .ARM.attributes
                0x000002ba       0x37 ../../../../../..//binary/armv7a/gcc/am335x/drivers/Debug/libdrivers.a(uart_irda_cir.o)

.debug_frame    0x00000000     0x16ac
 .debug_frame   0x00000000       0x68 Debug/dmtimerCounter.o
 .debug_frame   0x00000068      0x350 ../../../../../..//binary/armv7a/gcc/am335x/drivers/Debug/libdrivers.a(dmtimer.o)
 .debug_frame   0x000003b8      0x13c ../../../../../..//binary/armv7a/gcc/utils/Debug/libutils.a(consoleUtils.o)
 .debug_frame   0x000004f4      0x1f8 ../../../../../..//binary/armv7a/gcc/utils/Debug/libutils.a(uartStdio.o)
 .debug_frame   0x000006ec       0xe0 ../../../../../..//binary/armv7a/gcc/am335x/beaglebone/platform/Debug/libplatform.a(dmtimer.o)
 .debug_frame   0x000007cc       0xcc ../../../../../..//binary/armv7a/gcc/am335x/beaglebone/platform/Debug/libplatform.a(uartConsole.o)
 .debug_frame   0x00000898       0x54 ../../../../../..//binary/armv7a/gcc/am335x/beaglebone/platform/Debug/libplatform.a(uart.o)
 .debug_frame   0x000008ec       0x4c ../../../../../..//binary/armv7a/gcc/am335x/system_config/Debug/libsystem_config.a(startup.o)
 .debug_frame   0x00000938      0x3dc ../../../../../..//binary/armv7a/gcc/am335x/system_config/Debug/libsystem_config.a(interrupt.o)
 .debug_frame   0x00000d14       0x20 /home/heldercs/UFC/disciplina_QXD0149/lab/toolchain/gcc-arm-none-eabi/lib/gcc/arm-none-eabi/5.4.1/libgcc.a(_udivsi3.o)
 .debug_frame   0x00000d34       0x20 /home/heldercs/UFC/disciplina_QXD0149/lab/toolchain/gcc-arm-none-eabi/lib/gcc/arm-none-eabi/5.4.1/libgcc.a(_divsi3.o)
 .debug_frame   0x00000d54      0x958 ../../../../../..//binary/armv7a/gcc/am335x/drivers/Debug/libdrivers.a(uart_irda_cir.o)
